Archive member included because of file (symbol)

c:/program files (x86)/atmel/atmel studio 6.0/extensions/atmel/armgcc/3.3.1.128/armgcctoolchain/bin/../lib/gcc/arm-none-eabi/4.7.0/../../../../arm-none-eabi/lib/thumb\libc.a(lib_a-atexit.o)
                              c:/program files (x86)/atmel/atmel studio 6.0/extensions/atmel/armgcc/3.3.1.128/armgcctoolchain/bin/../lib/gcc/arm-none-eabi/4.7.0/../../../../arm-none-eabi/lib/thumb/crt0.o (atexit)
c:/program files (x86)/atmel/atmel studio 6.0/extensions/atmel/armgcc/3.3.1.128/armgcctoolchain/bin/../lib/gcc/arm-none-eabi/4.7.0/../../../../arm-none-eabi/lib/thumb\libc.a(lib_a-atoi.o)
                              src/main.o (atoi)
c:/program files (x86)/atmel/atmel studio 6.0/extensions/atmel/armgcc/3.3.1.128/armgcctoolchain/bin/../lib/gcc/arm-none-eabi/4.7.0/../../../../arm-none-eabi/lib/thumb\libc.a(lib_a-exit.o)
                              c:/program files (x86)/atmel/atmel studio 6.0/extensions/atmel/armgcc/3.3.1.128/armgcctoolchain/bin/../lib/gcc/arm-none-eabi/4.7.0/../../../../arm-none-eabi/lib/thumb/crt0.o (exit)
c:/program files (x86)/atmel/atmel studio 6.0/extensions/atmel/armgcc/3.3.1.128/armgcctoolchain/bin/../lib/gcc/arm-none-eabi/4.7.0/../../../../arm-none-eabi/lib/thumb\libc.a(lib_a-fini.o)
                              c:/program files (x86)/atmel/atmel studio 6.0/extensions/atmel/armgcc/3.3.1.128/armgcctoolchain/bin/../lib/gcc/arm-none-eabi/4.7.0/../../../../arm-none-eabi/lib/thumb/crt0.o (__libc_fini_array)
c:/program files (x86)/atmel/atmel studio 6.0/extensions/atmel/armgcc/3.3.1.128/armgcctoolchain/bin/../lib/gcc/arm-none-eabi/4.7.0/../../../../arm-none-eabi/lib/thumb\libc.a(lib_a-impure.o)
                              c:/program files (x86)/atmel/atmel studio 6.0/extensions/atmel/armgcc/3.3.1.128/armgcctoolchain/bin/../lib/gcc/arm-none-eabi/4.7.0/../../../../arm-none-eabi/lib/thumb\libc.a(lib_a-exit.o) (_global_impure_ptr)
c:/program files (x86)/atmel/atmel studio 6.0/extensions/atmel/armgcc/3.3.1.128/armgcctoolchain/bin/../lib/gcc/arm-none-eabi/4.7.0/../../../../arm-none-eabi/lib/thumb\libc.a(lib_a-init.o)
                              c:/program files (x86)/atmel/atmel studio 6.0/extensions/atmel/armgcc/3.3.1.128/armgcctoolchain/bin/../lib/gcc/arm-none-eabi/4.7.0/../../../../arm-none-eabi/lib/thumb/crt0.o (__libc_init_array)
c:/program files (x86)/atmel/atmel studio 6.0/extensions/atmel/armgcc/3.3.1.128/armgcctoolchain/bin/../lib/gcc/arm-none-eabi/4.7.0/../../../../arm-none-eabi/lib/thumb\libc.a(lib_a-iprintf.o)
                              src/asf/sam/utils/syscalls/gcc/syscalls.o (iprintf)
c:/program files (x86)/atmel/atmel studio 6.0/extensions/atmel/armgcc/3.3.1.128/armgcctoolchain/bin/../lib/gcc/arm-none-eabi/4.7.0/../../../../arm-none-eabi/lib/thumb\libc.a(lib_a-memset.o)
                              c:/program files (x86)/atmel/atmel studio 6.0/extensions/atmel/armgcc/3.3.1.128/armgcctoolchain/bin/../lib/gcc/arm-none-eabi/4.7.0/../../../../arm-none-eabi/lib/thumb/crt0.o (memset)
c:/program files (x86)/atmel/atmel studio 6.0/extensions/atmel/armgcc/3.3.1.128/armgcctoolchain/bin/../lib/gcc/arm-none-eabi/4.7.0/../../../../arm-none-eabi/lib/thumb\libc.a(lib_a-strcpy.o)
                              src/main.o (strcpy)
c:/program files (x86)/atmel/atmel studio 6.0/extensions/atmel/armgcc/3.3.1.128/armgcctoolchain/bin/../lib/gcc/arm-none-eabi/4.7.0/../../../../arm-none-eabi/lib/thumb\libc.a(lib_a-strtok.o)
                              src/main.o (strtok)
c:/program files (x86)/atmel/atmel studio 6.0/extensions/atmel/armgcc/3.3.1.128/armgcctoolchain/bin/../lib/gcc/arm-none-eabi/4.7.0/../../../../arm-none-eabi/lib/thumb\libc.a(lib_a-strtok_r.o)
                              c:/program files (x86)/atmel/atmel studio 6.0/extensions/atmel/armgcc/3.3.1.128/armgcctoolchain/bin/../lib/gcc/arm-none-eabi/4.7.0/../../../../arm-none-eabi/lib/thumb\libc.a(lib_a-strtok.o) (__strtok_r)
c:/program files (x86)/atmel/atmel studio 6.0/extensions/atmel/armgcc/3.3.1.128/armgcctoolchain/bin/../lib/gcc/arm-none-eabi/4.7.0/../../../../arm-none-eabi/lib/thumb\libc.a(lib_a-strtol.o)
                              c:/program files (x86)/atmel/atmel studio 6.0/extensions/atmel/armgcc/3.3.1.128/armgcctoolchain/bin/../lib/gcc/arm-none-eabi/4.7.0/../../../../arm-none-eabi/lib/thumb\libc.a(lib_a-atoi.o) (_strtol_r)
c:/program files (x86)/atmel/atmel studio 6.0/extensions/atmel/armgcc/3.3.1.128/armgcctoolchain/bin/../lib/gcc/arm-none-eabi/4.7.0/../../../../arm-none-eabi/lib/thumb\libc.a(lib_a-vfiprintf.o)
                              c:/program files (x86)/atmel/atmel studio 6.0/extensions/atmel/armgcc/3.3.1.128/armgcctoolchain/bin/../lib/gcc/arm-none-eabi/4.7.0/../../../../arm-none-eabi/lib/thumb\libc.a(lib_a-iprintf.o) (_vfiprintf_r)
c:/program files (x86)/atmel/atmel studio 6.0/extensions/atmel/armgcc/3.3.1.128/armgcctoolchain/bin/../lib/gcc/arm-none-eabi/4.7.0/../../../../arm-none-eabi/lib/thumb\libc.a(lib_a-wsetup.o)
[...]
Memory Configuration

Name             Origin             Length             Attributes
rom              0x00400000         0x00080000         xr
ram              0x20000000         0x00020000         xrw
*default*        0x00000000         0xffffffff

Linker script and memory map

LOAD c:/program files (x86)/atmel/atmel studio 6.0/extensions/atmel/armgcc/3.3.1.128/armgcctoolchain/bin/../lib/gcc/arm-none-eabi/4.7.0/thumb/crti.o
LOAD c:/program files (x86)/atmel/atmel studio 6.0/extensions/atmel/armgcc/3.3.1.128/armgcctoolchain/bin/../lib/gcc/arm-none-eabi/4.7.0/thumb/crtbegin.o
LOAD c:/program files (x86)/atmel/atmel studio 6.0/extensions/atmel/armgcc/3.3.1.128/armgcctoolchain/bin/../lib/gcc/arm-none-eabi/4.7.0/../../../../arm-none-eabi/lib/thumb/crt0.o
LOAD src/asf/common/boards/user_board/init.o
LOAD src/sd_mmc_mem.o
LOAD src/asf/common/components/memory/sd_mmc/sd_mmc.o
LOAD src/asf/common/services/clock/sam4s/sysclk.o
LOAD src/asf/common/services/delay/sam/cycle_counter.o
LOAD src/asf/common/services/storage/ctrl_access/ctrl_access.o
LOAD src/asf/common/utils/interrupt/interrupt_sam_nvic.o
LOAD src/asf/sam/drivers/dacc/dacc.o
LOAD src/asf/sam/drivers/hsmci/hsmci.o
LOAD src/asf/sam/drivers/pdc/pdc.o
LOAD src/asf/sam/drivers/pio/pio.o
LOAD src/asf/sam/drivers/pio/pio_handler.o
LOAD src/asf/sam/drivers/pmc/pmc.o
LOAD src/asf/sam/drivers/rtc/rtc.o
LOAD src/asf/sam/utils/cmsis/sam4s/source/templates/exceptions.o
LOAD src/asf/sam/utils/cmsis/sam4s/source/templates/gcc/startup_sam4s.o
LOAD src/asf/sam/utils/cmsis/sam4s/source/templates/system_sam4s.o
LOAD src/asf/sam/utils/syscalls/gcc/syscalls.o
LOAD src/asf/thirdparty/fatfs/fatfs-port-r0.09/diskio.o
LOAD src/asf/thirdparty/fatfs/fatfs-port-r0.09/sam/fattime.o
LOAD src/asf/thirdparty/fatfs/fatfs-r0.09/src/ff.o
LOAD src/asf/thirdparty/fatfs/fatfs-r0.09/src/option/ccsbcs.o
LOAD src/main.o
START GROUP
LOAD ../src/asf/thirdparty/CMSIS/Lib/GCC\libarm_cortexM4l_math.a
END GROUP
START GROUP
LOAD c:/program files (x86)/atmel/atmel studio 6.0/extensions/atmel/armgcc/3.3.1.128/armgcctoolchain/bin/../lib/gcc/arm-none-eabi/4.7.0/thumb\libgcc.a
LOAD c:/program files (x86)/atmel/atmel studio 6.0/extensions/atmel/armgcc/3.3.1.128/armgcctoolchain/bin/../lib/gcc/arm-none-eabi/4.7.0/../../../../arm-none-eabi/lib/thumb\libc.a
END GROUP
LOAD c:/program files (x86)/atmel/atmel studio 6.0/extensions/atmel/armgcc/3.3.1.128/armgcctoolchain/bin/../lib/gcc/arm-none-eabi/4.7.0/thumb/crtend.o
LOAD c:/program files (x86)/atmel/atmel studio 6.0/extensions/atmel/armgcc/3.3.1.128/armgcctoolchain/bin/../lib/gcc/arm-none-eabi/4.7.0/thumb/crtn.o
                [0x00003000]                STACK_SIZE = DEFINED (STACK_SIZE)?STACK_SIZE:0x3000

.text           0x00400000     0x4c4c
                0x00400000                . = ALIGN (0x4)
                0x00400000                _sfixed = .
 *(.vectors .vectors.*)
 .vectors       0x00400000       0xd0 src/asf/sam/utils/cmsis/sam4s/source/templates/gcc/startup_sam4s.o
                0x00400000                exception_table
 *(.text .text.* .gnu.linkonce.t.*)
 .text          0x004000d0       0xb0 c:/program files (x86)/atmel/atmel studio 6.0/extensions/atmel/armgcc/3.3.1.128/armgcctoolchain/bin/../lib/gcc/arm-none-eabi/4.7.0/thumb/crtbegin.o
 .text.board_init
                0x00400180       0xec src/asf/common/boards/user_board/init.o
                0x00400180                board_init
 .text.sd_mmc_test_unit_ready
                0x0040026c       0x40 src/sd_mmc_mem.o
                0x0040026c                sd_mmc_test_unit_ready
 .text.sd_mmc_test_unit_ready_0
                0x004002ac       0x14 src/sd_mmc_mem.o
                0x004002ac                sd_mmc_test_unit_ready_0
 .text.sd_mmc_test_unit_ready_1
                0x004002c0       0x14 src/sd_mmc_mem.o
                0x004002c0                sd_mmc_test_unit_ready_1
 .text.sd_mmc_read_capacity
                0x004002d4       0x28 src/sd_mmc_mem.o
                0x004002d4                sd_mmc_read_capacity
 .text.sd_mmc_read_capacity_0
                0x004002fc       0x14 src/sd_mmc_mem.o
                0x004002fc                sd_mmc_read_capacity_0
 .text.sd_mmc_read_capacity_1
                0x00400310       0x14 src/sd_mmc_mem.o
                0x00400310                sd_mmc_read_capacity_1
 .text.sd_mmc_wr_protect
                0x00400324       0x10 src/sd_mmc_mem.o
                0x00400324                sd_mmc_wr_protect
 .text.sd_mmc_wr_protect_0
                0x00400334       0x14 src/sd_mmc_mem.o
                0x00400334                sd_mmc_wr_protect_0
 .text.sd_mmc_wr_protect_1
                0x00400348       0x14 src/sd_mmc_mem.o
                0x00400348                sd_mmc_wr_protect_1
 .text.sd_mmc_removal
                0x0040035c        0x8 src/sd_mmc_mem.o
                0x0040035c                sd_mmc_removal
 .text.sd_mmc_removal_0
                0x00400364       0x14 src/sd_mmc_mem.o
                0x00400364                sd_mmc_removal_0
 .text.sd_mmc_removal_1
                0x00400378       0x14 src/sd_mmc_mem.o
                0x00400378                sd_mmc_removal_1
 .text.sd_mmc_mem_2_ram
                0x0040038c       0x48 src/sd_mmc_mem.o
                0x0040038c                sd_mmc_mem_2_ram
 .text.sd_mmc_mem_2_ram_0
                0x004003d4       0x18 src/sd_mmc_mem.o
                0x004003d4                sd_mmc_mem_2_ram_0
 .text.sd_mmc_mem_2_ram_1
                0x004003ec       0x18 src/sd_mmc_mem.o
                0x004003ec                sd_mmc_mem_2_ram_1
 .text.sd_mmc_ram_2_mem
                0x00400404       0x48 src/sd_mmc_mem.o
                0x00400404                sd_mmc_ram_2_mem
 .text.sd_mmc_ram_2_mem_0
                0x0040044c       0x18 src/sd_mmc_mem.o
                0x0040044c                sd_mmc_ram_2_mem_0
 .text.sd_mmc_ram_2_mem_1
                0x00400464       0x18 src/sd_mmc_mem.o
                0x00400464                sd_mmc_ram_2_mem_1
 .text.sd_mmc_configure_slot
                0x0040047c       0x30 src/asf/common/components/memory/sd_mmc/sd_mmc.o
 .text.sd_mmc_select_slot
                0x004004ac       0x7c src/asf/common/components/memory/sd_mmc/sd_mmc.o
 .text.sdio_cmd53
                0x00400528       0x54 src/asf/common/components/memory/sd_mmc/sd_mmc.o
 .text.sd_mmc_deselect_slot
                0x0040057c       0x20 src/asf/common/components/memory/sd_mmc/sd_mmc.o
 .text.sdio_cmd52
                0x0040059c       0x40 src/asf/common/components/memory/sd_mmc/sd_mmc.o
 .text.sd_mmc_cmd9_mci
                0x004005dc       0x48 src/asf/common/components/memory/sd_mmc/sd_mmc.o
 .text.sd_mmc_init
                0x00400624       0x2c src/asf/common/components/memory/sd_mmc/sd_mmc.o
                0x00400624                sd_mmc_init
 .text.sd_mmc_check
                0x00400650      0xaac src/asf/common/components/memory/sd_mmc/sd_mmc.o
                0x00400650                sd_mmc_check
 .text.sd_mmc_get_type
                0x004010fc       0x2c src/asf/common/components/memory/sd_mmc/sd_mmc.o
                0x004010fc                sd_mmc_get_type
 .text.sd_mmc_get_capacity
                0x00401128       0x2c src/asf/common/components/memory/sd_mmc/sd_mmc.o
                0x00401128                sd_mmc_get_capacity
 .text.sd_mmc_is_write_protected
                0x00401154        0x8 src/asf/common/components/memory/sd_mmc/sd_mmc.o
                0x00401154                sd_mmc_is_write_protected
 .text.sd_mmc_init_read_blocks
                0x0040115c      0x114 src/asf/common/components/memory/sd_mmc/sd_mmc.o
                0x0040115c                sd_mmc_init_read_blocks
 .text.sd_mmc_start_read_blocks
                0x00401270       0x38 src/asf/common/components/memory/sd_mmc/sd_mmc.o
                0x00401270                sd_mmc_start_read_blocks
 .text.sd_mmc_wait_end_of_read_blocks
                0x004012a8       0x80 src/asf/common/components/memory/sd_mmc/sd_mmc.o
                0x004012a8                sd_mmc_wait_end_of_read_blocks
 .text.sd_mmc_init_write_blocks
                0x00401328       0xd0 src/asf/common/components/memory/sd_mmc/sd_mmc.o
                0x00401328                sd_mmc_init_write_blocks
 .text.sd_mmc_start_write_blocks
                0x004013f8       0x38 src/asf/common/components/memory/sd_mmc/sd_mmc.o
                0x004013f8                sd_mmc_start_write_blocks
 .text.sd_mmc_wait_end_of_write_blocks
                0x00401430       0x7c src/asf/common/components/memory/sd_mmc/sd_mmc.o
                0x00401430                sd_mmc_wait_end_of_write_blocks
 .text.sysclk_init
                0x004014ac       0x78 src/asf/common/services/clock/sam4s/sysclk.o
                0x004014ac                sysclk_init
 .text.mem_test_unit_ready
                0x00401524       0x20 src/asf/common/services/storage/ctrl_access/ctrl_access.o
                0x00401524                mem_test_unit_ready
 .text.mem_read_capacity
                0x00401544       0x24 src/asf/common/services/storage/ctrl_access/ctrl_access.o
                0x00401544                mem_read_capacity
 .text.mem_sector_size
                0x00401568        0xc src/asf/common/services/storage/ctrl_access/ctrl_access.o
                0x00401568                mem_sector_size
 .text.mem_wr_protect
                0x00401574       0x24 src/asf/common/services/storage/ctrl_access/ctrl_access.o
                0x00401574                mem_wr_protect
 .text.memory_2_ram
                0x00401598       0x28 src/asf/common/services/storage/ctrl_access/ctrl_access.o
                0x00401598                memory_2_ram
 .text.dacc_reset
                0x004015c0        0x8 src/asf/sam/drivers/dacc/dacc.o
                0x004015c0                dacc_reset
 .text.dacc_set_transfer_mode
                0x004015c8       0x1c src/asf/sam/drivers/dacc/dacc.o
                0x004015c8                dacc_set_transfer_mode
 .text.dacc_get_interrupt_status
                0x004015e4        0x4 src/asf/sam/drivers/dacc/dacc.o
                0x004015e4                dacc_get_interrupt_status
 .text.dacc_write_conversion_data
                0x004015e8        0x4 src/asf/sam/drivers/dacc/dacc.o
                0x004015e8                dacc_write_conversion_data
 .text.dacc_enable_flexible_selection
                0x004015ec        0xc src/asf/sam/drivers/dacc/dacc.o
                0x004015ec                dacc_enable_flexible_selection
 .text.dacc_set_power_save
                0x004015f8       0x30 src/asf/sam/drivers/dacc/dacc.o
                0x004015f8                dacc_set_power_save
 .text.dacc_set_timing
                0x00401628       0x34 src/asf/sam/drivers/dacc/dacc.o
                0x00401628                dacc_set_timing
 .text.dacc_enable_channel
                0x0040165c       0x14 src/asf/sam/drivers/dacc/dacc.o
                0x0040165c                dacc_enable_channel
 .text.dacc_set_analog_control
                0x00401670        0xc src/asf/sam/drivers/dacc/dacc.o
                0x00401670                dacc_set_analog_control
 .text.hsmci_reset
                0x0040167c       0x2c src/asf/sam/drivers/hsmci/hsmci.o
 .text.hsmci_send_cmd_execute
                0x004016a8       0xbc src/asf/sam/drivers/hsmci/hsmci.o
 .text.hsmci_init
                0x00401764       0x30 src/asf/sam/drivers/hsmci/hsmci.o
                0x00401764                hsmci_init
 .text.hsmci_get_bus_width
                0x00401794        0xc src/asf/sam/drivers/hsmci/hsmci.o
                0x00401794                hsmci_get_bus_width
 .text.hsmci_is_high_speed_capable
                0x004017a0        0x8 src/asf/sam/drivers/hsmci/hsmci.o
                0x004017a0                hsmci_is_high_speed_capable
 .text.hsmci_select_device
                0x004017a8       0x74 src/asf/sam/drivers/hsmci/hsmci.o
                0x004017a8                hsmci_select_device
 .text.hsmci_deselect_device
                0x0040181c        0x4 src/asf/sam/drivers/hsmci/hsmci.o
                0x0040181c                hsmci_deselect_device
 .text.hsmci_send_clock
                0x00401820       0x24 src/asf/sam/drivers/hsmci/hsmci.o
                0x00401820                hsmci_send_clock
 .text.hsmci_send_cmd
                0x00401844       0x30 src/asf/sam/drivers/hsmci/hsmci.o
                0x00401844                hsmci_send_cmd
 .text.hsmci_get_response
                0x00401874        0x8 src/asf/sam/drivers/hsmci/hsmci.o
                0x00401874                hsmci_get_response
 .text.hsmci_get_response_128
                0x0040187c       0x2c src/asf/sam/drivers/hsmci/hsmci.o
                0x0040187c                hsmci_get_response_128
 .text.hsmci_adtc_start
                0x004018a8       0xd4 src/asf/sam/drivers/hsmci/hsmci.o
                0x004018a8                hsmci_adtc_start
 .text.hsmci_read_word
                0x0040197c       0x94 src/asf/sam/drivers/hsmci/hsmci.o
                0x0040197c                hsmci_read_word
 .text.hsmci_start_read_blocks
                0x00401a10       0x4c src/asf/sam/drivers/hsmci/hsmci.o
                0x00401a10                hsmci_start_read_blocks
 .text.hsmci_wait_end_of_read_blocks
                0x00401a5c       0x90 src/asf/sam/drivers/hsmci/hsmci.o
                0x00401a5c                hsmci_wait_end_of_read_blocks
 .text.hsmci_start_write_blocks
                0x00401aec       0x50 src/asf/sam/drivers/hsmci/hsmci.o
                0x00401aec                hsmci_start_write_blocks
 .text.hsmci_wait_end_of_write_blocks
                0x00401b3c       0x90 src/asf/sam/drivers/hsmci/hsmci.o
                0x00401b3c                hsmci_wait_end_of_write_blocks
 .text.pio_pull_up
                0x00401bcc        0xc src/asf/sam/drivers/pio/pio.o
                0x00401bcc                pio_pull_up
 .text.pio_set_peripheral
                0x00401bd8       0x90 src/asf/sam/drivers/pio/pio.o
                0x00401bd8                pio_set_peripheral
 .text.pio_disable_interrupt
                0x00401c68        0x4 src/asf/sam/drivers/pio/pio.o
                0x00401c68                pio_disable_interrupt
 .text.pio_set_output
                0x00401c6c       0x44 src/asf/sam/drivers/pio/pio.o
                0x00401c6c                pio_set_output
 .text.pio_set_input
                0x00401cb0       0x4c src/asf/sam/drivers/pio/pio.o
                0x00401cb0                pio_set_input
 .text.pio_get_interrupt_status
                0x00401cfc        0x4 src/asf/sam/drivers/pio/pio.o
                0x00401cfc                pio_get_interrupt_status
 .text.pio_get_interrupt_mask
                0x00401d00        0x4 src/asf/sam/drivers/pio/pio.o
                0x00401d00                pio_get_interrupt_mask
 .text.pio_get_pin_value
                0x00401d04       0x20 src/asf/sam/drivers/pio/pio.o
                0x00401d04                pio_get_pin_value
 .text.pio_set_pin_high
                0x00401d24       0x20 src/asf/sam/drivers/pio/pio.o
                0x00401d24                pio_set_pin_high
 .text.pio_set_pin_low
                0x00401d44       0x20 src/asf/sam/drivers/pio/pio.o
                0x00401d44                pio_set_pin_low
 .text.pio_configure_pin
                0x00401d64      0x17c src/asf/sam/drivers/pio/pio.o
                0x00401d64                pio_configure_pin
 .text.pio_handler_process
                0x00401ee0       0x54 src/asf/sam/drivers/pio/pio_handler.o
                0x00401ee0                pio_handler_process
 .text.PIOA_Handler
                0x00401f34       0x1c src/asf/sam/drivers/pio/pio_handler.o
                0x00401f34                PIOA_Handler
 .text.PIOB_Handler
                0x00401f50       0x1c src/asf/sam/drivers/pio/pio_handler.o
                0x00401f50                PIOB_Handler
 .text.PIOC_Handler
                0x00401f6c       0x1c src/asf/sam/drivers/pio/pio_handler.o
                0x00401f6c                PIOC_Handler
 .text.pmc_switch_mck_to_pllack
                0x00401f88       0x88 src/asf/sam/drivers/pmc/pmc.o
                0x00401f88                pmc_switch_mck_to_pllack
 .text.pmc_switch_mainck_to_xtal
                0x00402010       0x70 src/asf/sam/drivers/pmc/pmc.o
                0x00402010                pmc_switch_mainck_to_xtal
 .text.pmc_osc_is_ready_mainck
                0x00402080       0x10 src/asf/sam/drivers/pmc/pmc.o
                0x00402080                pmc_osc_is_ready_mainck
 .text.pmc_disable_pllack
                0x00402090       0x10 src/asf/sam/drivers/pmc/pmc.o
                0x00402090                pmc_disable_pllack
 .text.pmc_is_locked_pllack
                0x004020a0       0x10 src/asf/sam/drivers/pmc/pmc.o
                0x004020a0                pmc_is_locked_pllack
 .text.pmc_enable_periph_clk
                0x004020b0       0x84 src/asf/sam/drivers/pmc/pmc.o
                0x004020b0                pmc_enable_periph_clk
 .text.rtc_set_hour_mode
                0x00402134       0x18 src/asf/sam/drivers/rtc/rtc.o
                0x00402134                rtc_set_hour_mode
 .text.Dummy_Handler
                0x0040214c        0x4 src/asf/sam/utils/cmsis/sam4s/source/templates/exceptions.o
                0x0040214c                DACC_Handler
                0x0040214c                DebugMon_Handler
                0x0040214c                HardFault_Handler
                0x0040214c                TC2_Handler
                0x0040214c                SPI_Handler
                0x0040214c                TWI1_Handler
                0x0040214c                PendSV_Handler
                0x0040214c                NMI_Handler
                0x0040214c                ADC_Handler
                0x0040214c                CRCCU_Handler
                0x0040214c                USART0_Handler
                0x0040214c                RTT_Handler
                0x0040214c                RTC_Handler
                0x0040214c                UsageFault_Handler
                0x0040214c                WDT_Handler
                0x0040214c                TC4_Handler
                0x0040214c                TC1_Handler
                0x0040214c                HSMCI_Handler
                0x0040214c                UART1_Handler
                0x0040214c                TC3_Handler
                0x0040214c                Dummy_Handler
                0x0040214c                TWI0_Handler
                0x0040214c                USART1_Handler
                0x0040214c                SSC_Handler
                0x0040214c                EFC0_Handler
                0x0040214c                ACC_Handler
                0x0040214c                PMC_Handler
                0x0040214c                PWM_Handler
                0x0040214c                MemManage_Handler
                0x0040214c                SUPC_Handler
                0x0040214c                SVC_Handler
                0x0040214c                UART0_Handler
                0x0040214c                UDP_Handler
                0x0040214c                BusFault_Handler
                0x0040214c                RSTC_Handler
                0x0040214c                TC0_Handler
                0x0040214c                TC5_Handler
 .text.Reset_Handler
                0x00402150       0xe0 src/asf/sam/utils/cmsis/sam4s/source/templates/gcc/startup_sam4s.o
                0x00402150                Reset_Handler
 .text.SystemCoreClockUpdate
                0x00402230      0x1b8 src/asf/sam/utils/cmsis/sam4s/source/templates/system_sam4s.o
                0x00402230                SystemCoreClockUpdate
 .text.system_init_flash
                0x004023e8       0x90 src/asf/sam/utils/cmsis/sam4s/source/templates/system_sam4s.o
                0x004023e8                system_init_flash
 .text.disk_initialize
                0x00402478       0x68 src/asf/thirdparty/fatfs/fatfs-port-r0.09/diskio.o
                0x00402478                disk_initialize
 .text.disk_status
                0x004024e0       0x20 src/asf/thirdparty/fatfs/fatfs-port-r0.09/diskio.o
                0x004024e0                disk_status
 .text.disk_read
                0x00402500       0x84 src/asf/thirdparty/fatfs/fatfs-port-r0.09/diskio.o
                0x00402500                disk_read
 .text.chk_chr  0x00402584       0x18 src/asf/thirdparty/fatfs/fatfs-r0.09/src/ff.o
 .text.clust2sect
                0x0040259c       0x1c src/asf/thirdparty/fatfs/fatfs-r0.09/src/ff.o
 .text.sum_sfn  0x004025b8       0x24 src/asf/thirdparty/fatfs/fatfs-r0.09/src/ff.o
 .text.validate
                0x004025dc       0x3c src/asf/thirdparty/fatfs/fatfs-r0.09/src/ff.o
 .text.check_fs
                0x00402618       0xac src/asf/thirdparty/fatfs/fatfs-r0.09/src/ff.o
 .text.chk_mounted
                0x004026c4      0x2dc src/asf/thirdparty/fatfs/fatfs-r0.09/src/ff.o
 .text.move_window
                0x004029a0       0x3c src/asf/thirdparty/fatfs/fatfs-r0.09/src/ff.o
 .text.get_fat  0x004029dc      0x114 src/asf/thirdparty/fatfs/fatfs-r0.09/src/ff.o
 .text.dir_sdi  0x00402af0       0xb8 src/asf/thirdparty/fatfs/fatfs-r0.09/src/ff.o
 .text.dir_next
                0x00402ba8       0xa4 src/asf/thirdparty/fatfs/fatfs-r0.09/src/ff.o
 .text.get_fileinfo
                0x00402c4c      0x144 src/asf/thirdparty/fatfs/fatfs-r0.09/src/ff.o
 .text.follow_path
                0x00402d90      0x5e0 src/asf/thirdparty/fatfs/fatfs-r0.09/src/ff.o
 .text.f_mount  0x00403370       0x34 src/asf/thirdparty/fatfs/fatfs-r0.09/src/ff.o
                0x00403370                f_mount
 .text.f_open   0x004033a4       0xa8 src/asf/thirdparty/fatfs/fatfs-r0.09/src/ff.o
                0x004033a4                f_open
 .text.f_read   0x0040344c      0x1bc src/asf/thirdparty/fatfs/fatfs-r0.09/src/ff.o
                0x0040344c                f_read
 .text.f_close  0x00403608       0x20 src/asf/thirdparty/fatfs/fatfs-r0.09/src/ff.o
                0x00403608                f_close
 .text.f_opendir
                0x00403628       0x94 src/asf/thirdparty/fatfs/fatfs-r0.09/src/ff.o
                0x00403628                f_opendir
 .text.f_readdir
                0x004036bc      0x208 src/asf/thirdparty/fatfs/fatfs-r0.09/src/ff.o
                0x004036bc                f_readdir
 .text.ff_convert
                0x004038c4       0x54 src/asf/thirdparty/fatfs/fatfs-r0.09/src/option/ccsbcs.o
                0x004038c4                ff_convert
 .text.ff_wtoupper
                0x00403918       0x34 src/asf/thirdparty/fatfs/fatfs-r0.09/src/option/ccsbcs.o
                0x00403918                ff_wtoupper
 .text.readFile
                0x0040394c       0xdc src/main.o
                0x0040394c                readFile
 .text.validate_file
                0x00403a28       0xd4 src/main.o
                0x00403a28                validate_file
 .text.scan_files
                0x00403afc       0x6c src/main.o
                0x00403afc                scan_files
 .text.checkSelectedSample
                0x00403b68       0x18 src/main.o
                0x00403b68                checkSelectedSample
 .text.getSelectedSample
                0x00403b80       0xa0 src/main.o
                0x00403b80                getSelectedSample
 .text.configure_dacc
                0x00403c20       0x94 src/main.o
                0x00403c20                configure_dacc
 .text.setData  0x00403cb4       0x44 src/main.o
                0x00403cb4                setData
 .text.updateSamples
                0x00403cf8       0xfc src/main.o
                0x00403cf8                updateSamples
 .text.startGenerating
                0x00403df4      0x150 src/main.o
                0x00403df4                startGenerating
 .text.main     0x00403f44      0x204 src/main.o
                0x00403f44                main
 .text.SysTick_Handler
                0x00404148       0x6c src/main.o
                0x00404148                SysTick_Handler
 .text          0x004041b4        0xc c:/program files (x86)/atmel/atmel studio 6.0/extensions/atmel/armgcc/3.3.1.128/armgcctoolchain/bin/../lib/gcc/arm-none-eabi/4.7.0/../../../../arm-none-eabi/lib/thumb\libc.a(lib_a-atexit.o)
                0x004041b4                atexit
 .text          0x004041c0       0x10 c:/program files (x86)/atmel/atmel studio 6.0/extensions/atmel/armgcc/3.3.1.128/armgcctoolchain/bin/../lib/gcc/arm-none-eabi/4.7.0/../../../../arm-none-eabi/lib/thumb\libc.a(lib_a-atoi.o)
                0x004041c0                atoi
                0x004041c8                _atoi_r
 .text          0x004041d0       0x30 c:/program files (x86)/atmel/atmel studio 6.0/extensions/atmel/armgcc/3.3.1.128/armgcctoolchain/bin/../lib/gcc/arm-none-eabi/4.7.0/../../../../arm-none-eabi/lib/thumb\libc.a(lib_a-fini.o)
                0x004041d0                __libc_fini_array
 .text          0x00404200       0x4c c:/program files (x86)/atmel/atmel studio 6.0/extensions/atmel/armgcc/3.3.1.128/armgcctoolchain/bin/../lib/gcc/arm-none-eabi/4.7.0/../../../../arm-none-eabi/lib/thumb\libc.a(lib_a-init.o)
                0x00404200                __libc_init_array
 .text          0x0040424c       0x10 c:/program files (x86)/atmel/atmel studio 6.0/extensions/atmel/armgcc/3.3.1.128/armgcctoolchain/bin/../lib/gcc/arm-none-eabi/4.7.0/../../../../arm-none-eabi/lib/thumb\libc.a(lib_a-strcpy.o)
                0x0040424c                strcpy
 .text          0x0040425c       0x10 c:/program files (x86)/atmel/atmel studio 6.0/extensions/atmel/armgcc/3.3.1.128/armgcctoolchain/bin/../lib/gcc/arm-none-eabi/4.7.0/../../../../arm-none-eabi/lib/thumb\libc.a(lib_a-strtok.o)
                0x0040425c                strtok
 .text          0x0040426c       0x68 c:/program files (x86)/atmel/atmel studio 6.0/extensions/atmel/armgcc/3.3.1.128/armgcctoolchain/bin/../lib/gcc/arm-none-eabi/4.7.0/../../../../arm-none-eabi/lib/thumb\libc.a(lib_a-strtok_r.o)
                0x0040426c                __strtok_r
                0x004042ce                strtok_r
 .text          0x004042d4      0x12c c:/program files (x86)/atmel/atmel studio 6.0/extensions/atmel/armgcc/3.3.1.128/armgcctoolchain/bin/../lib/gcc/arm-none-eabi/4.7.0/../../../../arm-none-eabi/lib/thumb\libc.a(lib_a-strtol.o)
                0x004042d4                _strtol_r
                0x004043e4                strtol
 .text          0x00404400       0x9c c:/program files (x86)/atmel/atmel studio 6.0/extensions/atmel/armgcc/3.3.1.128/armgcctoolchain/bin/../lib/gcc/arm-none-eabi/4.7.0/../../../../arm-none-eabi/lib/thumb\libc.a(lib_a-__atexit.o)
                0x00404400                __register_exitproc
 .text.startup  0x0040449c       0x14 c:/program files (x86)/atmel/atmel studio 6.0/extensions/atmel/armgcc/3.3.1.128/armgcctoolchain/bin/../lib/gcc/arm-none-eabi/4.7.0/../../../../arm-none-eabi/lib/thumb\libc.a(lib_a-__call_atexit.o)
 *(.glue_7t)
 .glue_7t       0x00000000        0x0 linker stubs
 *(.glue_7)
 .glue_7        0x00000000        0x0 linker stubs
 *(.rodata .rodata* .gnu.linkonce.r.*)
 .rodata.sd_trans_multipliers
                0x004044b0       0x40 src/asf/common/components/memory/sd_mmc/sd_mmc.o
                0x004044b0                sd_trans_multipliers
 .rodata.sd_mmc_trans_units
                0x004044f0       0x1c src/asf/common/components/memory/sd_mmc/sd_mmc.o
                0x004044f0                sd_mmc_trans_units
 .rodata.mmc_trans_multipliers
                0x0040450c       0x40 src/asf/common/components/memory/sd_mmc/sd_mmc.o
                0x0040450c                mmc_trans_multipliers
 .rodata.lun_desc
                0x0040454c       0x38 src/asf/common/services/storage/ctrl_access/ctrl_access.o
 .rodata.str1.4
                0x00404584       0x2d src/asf/common/services/storage/ctrl_access/ctrl_access.o
                                 0x30 (size before relaxing)
 *fill*         0x004045b1        0x3 00
 .rodata.str1.4
                0x004045b4       0x13 src/asf/thirdparty/fatfs/fatfs-r0.09/src/ff.o
                                 0x14 (size before relaxing)
 *fill*         0x004045c7        0x1 00
 .rodata.LfnOfs
                0x004045c8       0x10 src/asf/thirdparty/fatfs/fatfs-r0.09/src/ff.o
 .rodata.excvt.4405
                0x004045d8       0x80 src/asf/thirdparty/fatfs/fatfs-r0.09/src/ff.o
 .rodata.tbl_upper.4241
                0x00404658      0x1e0 src/asf/thirdparty/fatfs/fatfs-r0.09/src/option/ccsbcs.o
 .rodata.Tbl    0x00404838      0x100 src/asf/thirdparty/fatfs/fatfs-r0.09/src/option/ccsbcs.o
 .rodata.tbl_lower.4240
                0x00404938      0x1e0 src/asf/thirdparty/fatfs/fatfs-r0.09/src/option/ccsbcs.o
 .rodata.str1.4
                0x00404b18        0x8 src/main.o
 .rodata        0x00404b20        0x4 c:/program files (x86)/atmel/atmel studio 6.0/extensions/atmel/armgcc/3.3.1.128/armgcctoolchain/bin/../lib/gcc/arm-none-eabi/4.7.0/../../../../arm-none-eabi/lib/thumb\libc.a(lib_a-impure.o)
                0x00404b20                _global_impure_ptr
 .rodata.str1.1
                0x00404b24        0x2 c:/program files (x86)/atmel/atmel studio 6.0/extensions/atmel/armgcc/3.3.1.128/armgcctoolchain/bin/../lib/gcc/arm-none-eabi/4.7.0/../../../../arm-none-eabi/lib/thumb\libc.a(lib_a-impure.o)
 .rodata        0x00404b26      0x101 c:/program files (x86)/atmel/atmel studio 6.0/extensions/atmel/armgcc/3.3.1.128/armgcctoolchain/bin/../lib/gcc/arm-none-eabi/4.7.0/../../../../arm-none-eabi/lib/thumb\libc.a(lib_a-ctype_.o)
                0x00404b26                _ctype_
 *(.ARM.extab* .gnu.linkonce.armextab.*)
                0x00404c28                . = ALIGN (0x4)
 *fill*         0x00404c27        0x1 00
 *(.init)
 .init          0x00404c28        0x4 c:/program files (x86)/atmel/atmel studio 6.0/extensions/atmel/armgcc/3.3.1.128/armgcctoolchain/bin/../lib/gcc/arm-none-eabi/4.7.0/thumb/crti.o
                0x00404c28                _init
 .init          0x00404c2c        0x8 c:/program files (x86)/atmel/atmel studio 6.0/extensions/atmel/armgcc/3.3.1.128/armgcctoolchain/bin/../lib/gcc/arm-none-eabi/4.7.0/thumb/crtn.o
                0x00404c34                . = ALIGN (0x4)
                0x00404c34                __preinit_array_start = .
 *(.preinit_array)
                0x00404c34                __preinit_array_end = .
                0x00404c34                . = ALIGN (0x4)
                0x00404c34                __init_array_start = .
 *(SORT(.init_array.*))
 .init_array.00000
                0x00404c34        0x4 c:/program files (x86)/atmel/atmel studio 6.0/extensions/atmel/armgcc/3.3.1.128/armgcctoolchain/bin/../lib/gcc/arm-none-eabi/4.7.0/../../../../arm-none-eabi/lib/thumb\libc.a(lib_a-__call_atexit.o)
 *(.init_array)
 .init_array    0x00404c38        0x4 c:/program files (x86)/atmel/atmel studio 6.0/extensions/atmel/armgcc/3.3.1.128/armgcctoolchain/bin/../lib/gcc/arm-none-eabi/4.7.0/thumb/crtbegin.o
                0x00404c3c                __init_array_end = .
                0x00404c3c                . = ALIGN (0x4)
 *crtbegin.o(.ctors)
 *(EXCLUDE_FILE(*crtend.o) .ctors)
 *(SORT(.ctors.*))
 *crtend.o(.ctors)
                0x00404c3c                . = ALIGN (0x4)
 *(.fini)
 .fini          0x00404c3c        0x4 c:/program files (x86)/atmel/atmel studio 6.0/extensions/atmel/armgcc/3.3.1.128/armgcctoolchain/bin/../lib/gcc/arm-none-eabi/4.7.0/thumb/crti.o
                0x00404c3c                _fini
 .fini          0x00404c40        0x8 c:/program files (x86)/atmel/atmel studio 6.0/extensions/atmel/armgcc/3.3.1.128/armgcctoolchain/bin/../lib/gcc/arm-none-eabi/4.7.0/thumb/crtn.o
                0x00404c48                . = ALIGN (0x4)
                0x00404c48                __fini_array_start = .
 *(.fini_array)
 .fini_array    0x00404c48        0x4 c:/program files (x86)/atmel/atmel studio 6.0/extensions/atmel/armgcc/3.3.1.128/armgcctoolchain/bin/../lib/gcc/arm-none-eabi/4.7.0/thumb/crtbegin.o
 *(SORT(.fini_array.*))
                0x00404c4c                __fini_array_end = .
 *crtbegin.o(.dtors)
 *(EXCLUDE_FILE(*crtend.o) .dtors)
 *(SORT(.dtors.*))
 *crtend.o(.dtors)
                0x00404c4c                . = ALIGN (0x4)
                0x00404c4c                _efixed = .
                0x00404c4c                PROVIDE (__exidx_start, .)

.vfp11_veneer   0x00404c4c        0x0
 .vfp11_veneer  0x00000000        0x0 linker stubs

.v4_bx          0x00404c4c        0x0
 .v4_bx         0x00000000        0x0 linker stubs

.iplt           0x00404c4c        0x0
 .iplt          0x00000000        0x0 c:/program files (x86)/atmel/atmel studio 6.0/extensions/atmel/armgcc/3.3.1.128/armgcctoolchain/bin/../lib/gcc/arm-none-eabi/4.7.0/thumb/crtbegin.o

.eh_frame       0x00404c4c        0x0
 .eh_frame      0x00404c4c        0x0 c:/program files (x86)/atmel/atmel studio 6.0/extensions/atmel/armgcc/3.3.1.128/armgcctoolchain/bin/../lib/gcc/arm-none-eabi/4.7.0/thumb/crtbegin.o

.rel.dyn        0x00404c4c        0x0
 .rel.iplt      0x00000000        0x0 c:/program files (x86)/atmel/atmel studio 6.0/extensions/atmel/armgcc/3.3.1.128/armgcctoolchain/bin/../lib/gcc/arm-none-eabi/4.7.0/thumb/crtbegin.o

.jcr            0x00404c4c        0x0
 .jcr           0x00404c4c        0x0 c:/program files (x86)/atmel/atmel studio 6.0/extensions/atmel/armgcc/3.3.1.128/armgcctoolchain/bin/../lib/gcc/arm-none-eabi/4.7.0/thumb/crtbegin.o

.tm_clone_table
                0x00404c4c        0x0
 .tm_clone_table
                0x00404c4c        0x0 c:/program files (x86)/atmel/atmel studio 6.0/extensions/atmel/armgcc/3.3.1.128/armgcctoolchain/bin/../lib/gcc/arm-none-eabi/4.7.0/thumb/crtbegin.o
 .tm_clone_table
                0x00404c4c        0x0 c:/program files (x86)/atmel/atmel studio 6.0/extensions/atmel/armgcc/3.3.1.128/armgcctoolchain/bin/../lib/gcc/arm-none-eabi/4.7.0/thumb/crtend.o

.igot.plt       0x00404c4c        0x0
 .igot.plt      0x00000000        0x0 c:/program files (x86)/atmel/atmel studio 6.0/extensions/atmel/armgcc/3.3.1.128/armgcctoolchain/bin/../lib/gcc/arm-none-eabi/4.7.0/thumb/crtbegin.o

.ARM.exidx
 *(.ARM.exidx* .gnu.linkonce.armexidx.*)
                0x00404c4c                PROVIDE (__exidx_end, .)
                0x00404c4c                . = ALIGN (0x4)
                0x00404c4c                _etext = .

.relocate       0x20000000      0x43c load address 0x00404c4c
                0x20000000                . = ALIGN (0x4)
                0x20000000                _srelocate = .
 *(.ramfunc .ramfunc.*)
 *(.data .data.*)
 .data.SystemCoreClock
                0x20000000        0x4 src/asf/sam/utils/cmsis/sam4s/source/templates/system_sam4s.o
                0x20000000                SystemCoreClock
 .data.p_pio    0x20000004        0x4 src/main.o
                0x20000004                p_pio
 .data          0x20000008      0x430 c:/program files (x86)/atmel/atmel studio 6.0/extensions/atmel/armgcc/3.3.1.128/armgcctoolchain/bin/../lib/gcc/arm-none-eabi/4.7.0/../../../../arm-none-eabi/lib/thumb\libc.a(lib_a-impure.o)
                0x20000008                _impure_ptr
 .data          0x20000438        0x4 c:/program files (x86)/atmel/atmel studio 6.0/extensions/atmel/armgcc/3.3.1.128/armgcctoolchain/bin/../lib/gcc/arm-none-eabi/4.7.0/../../../../arm-none-eabi/lib/thumb\libc.a(lib_a-ctype_.o)
                0x20000438                __ctype_ptr__
                0x2000043c                . = ALIGN (0x4)
                0x2000043c                _erelocate = .

.bss            0x2000043c      0xa48 load address 0x00405088
                0x2000043c                . = ALIGN (0x4)
                0x2000043c                _sbss = .
                0x2000043c                _szero = .
 *(.bss .bss.*)
 .bss           0x2000043c       0x1c c:/program files (x86)/atmel/atmel studio 6.0/extensions/atmel/armgcc/3.3.1.128/armgcctoolchain/bin/../lib/gcc/arm-none-eabi/4.7.0/thumb/crtbegin.o
 .bss.sd_mmc_nb_block_to_tranfer
                0x20000458        0x2 src/asf/common/components/memory/sd_mmc/sd_mmc.o
 *fill*         0x2000045a        0x2 00
 .bss.sd_mmc_card
                0x2000045c        0x4 src/asf/common/components/memory/sd_mmc/sd_mmc.o
 .bss.sd_mmc_nb_block_remaining
                0x20000460        0x2 src/asf/common/components/memory/sd_mmc/sd_mmc.o
 .bss.sd_mmc_slot_sel
                0x20000462        0x1 src/asf/common/components/memory/sd_mmc/sd_mmc.o
 *fill*         0x20000463        0x1 00
 .bss.sd_mmc_cards
                0x20000464       0x20 src/asf/common/components/memory/sd_mmc/sd_mmc.o
 .bss.hsmci_block_size
                0x20000484        0x2 src/asf/sam/drivers/hsmci/hsmci.o
 .bss.hsmci_nb_block
                0x20000486        0x2 src/asf/sam/drivers/hsmci/hsmci.o
 .bss.hsmci_transfert_pos
                0x20000488        0x4 src/asf/sam/drivers/hsmci/hsmci.o
 .bss.gs_interrupt_sources
                0x2000048c       0x70 src/asf/sam/drivers/pio/pio_handler.o
 .bss.Fsid      0x200004fc        0x2 src/asf/thirdparty/fatfs/fatfs-r0.09/src/ff.o
 *fill*         0x200004fe        0x2 00
 .bss.FatFs     0x20000500        0x4 src/asf/thirdparty/fatfs/fatfs-r0.09/src/ff.o
 .bss.fs        0x20000504      0x224 src/main.o
 .bss.ch0_value
                0x20000728        0x2 src/main.o
                0x20000728                ch0_value
 .bss.digitals  0x2000072a        0x1 src/main.o
                0x2000072a                digitals
 *fill*         0x2000072b        0x1 00
 .bss.lfn.8431  0x2000072c      0x100 src/main.o
 .bss.ch1_value
                0x2000082c        0x2 src/main.o
                0x2000082c                ch1_value
 *fill*         0x2000082e        0x2 00
 .bss.sample0   0x20000830      0x21c src/main.o
 .bss.sample1   0x20000a4c      0x21c src/main.o
 .bss.ch0       0x20000c68        0x1 src/main.o
                0x20000c68                ch0
 .bss.ch1       0x20000c69        0x1 src/main.o
                0x20000c69                ch1
 .bss.common_file
                0x20000c6a        0x1 src/main.o
                0x20000c6a                common_file
 .bss.ch0_ss    0x20000c6b        0x1 src/main.o
                0x20000c6b                ch0_ss
 .bss.ch1_ss    0x20000c6c        0x1 src/main.o
                0x20000c6c                ch1_ss
 *(COMMON)
 *fill*         0x20000c6d        0x3 00
 COMMON         0x20000c70      0x214 src/main.o
                0x20000c70                br1
                0x20000c74                r
                0x20000c76                buffer
                0x20000c78                current_freq
                0x20000c7c                samples
                0x20000e7c                br0
                0x20000e80                dac_value
                0x20000e84                . = ALIGN (0x4)
                0x20000e84                _ebss = .
                0x20000e84                _ezero = .

.stack          0x20000e84     0x3004 load address 0x00405ad0
                0x20000e88                . = ALIGN (0x8)
 *fill*         0x20000e84        0x4 00
                0x20000e88                _sstack = .
                0x20003e88                . = (. + STACK_SIZE)
 *fill*         0x20000e88     0x3000 00
                0x20003e88                . = ALIGN (0x8)
                0x20003e88                _estack = .
                0x20003e88                . = ALIGN (0x4)
                0x20003e88                _end = .
OUTPUT(baka_restored.elf elf32-littlearm)

.ARM.attributes
                0x00000000       0x2f
 .ARM.attributes
                0x00000000       0x1d c:/program files (x86)/atmel/atmel studio 6.0/extensions/atmel/armgcc/3.3.1.128/armgcctoolchain/bin/../lib/gcc/arm-none-eabi/4.7.0/thumb/crti.o
 .ARM.attributes
                0x0000001d       0x2d c:/program files (x86)/atmel/atmel studio 6.0/extensions/atmel/armgcc/3.3.1.128/armgcctoolchain/bin/../lib/gcc/arm-none-eabi/4.7.0/thumb/crtbegin.o
 .ARM.attributes
                0x0000004a       0x33 src/asf/common/boards/user_board/init.o
 .ARM.attributes
                0x0000007d       0x33 src/sd_mmc_mem.o
 .ARM.attributes
                0x000000b0       0x33 src/asf/common/components/memory/sd_mmc/sd_mmc.o
 .ARM.attributes
                0x000000e3       0x33 src/asf/common/services/clock/sam4s/sysclk.o
 .ARM.attributes
                0x00000116       0x33 src/asf/common/services/storage/ctrl_access/ctrl_access.o
 .ARM.attributes
                0x00000149       0x33 src/asf/sam/drivers/dacc/dacc.o
 .ARM.attributes
                0x0000017c       0x33 src/asf/sam/drivers/hsmci/hsmci.o
 .ARM.attributes
                0x000001af       0x33 src/asf/sam/drivers/pio/pio.o
 .ARM.attributes
                0x000001e2       0x33 src/asf/sam/drivers/pio/pio_handler.o
 .ARM.attributes
                0x00000215       0x33 src/asf/sam/drivers/pmc/pmc.o
 .ARM.attributes
                0x00000248       0x33 src/asf/sam/drivers/rtc/rtc.o
 .ARM.attributes
                0x0000027b       0x33 src/asf/sam/utils/cmsis/sam4s/source/templates/exceptions.o
 .ARM.attributes
                0x000002ae       0x33 src/asf/sam/utils/cmsis/sam4s/source/templates/gcc/startup_sam4s.o
 .ARM.attributes
                0x000002e1       0x33 src/asf/sam/utils/cmsis/sam4s/source/templates/system_sam4s.o
 .ARM.attributes
                0x00000314       0x33 src/asf/thirdparty/fatfs/fatfs-port-r0.09/diskio.o
 .ARM.attributes
                0x00000347       0x33 src/asf/thirdparty/fatfs/fatfs-r0.09/src/ff.o
 .ARM.attributes
                0x0000037a       0x33 src/asf/thirdparty/fatfs/fatfs-r0.09/src/option/ccsbcs.o
 .ARM.attributes
                0x000003ad       0x33 src/main.o
 .ARM.attributes
                0x000003e0       0x2d c:/program files (x86)/atmel/atmel studio 6.0/extensions/atmel/armgcc/3.3.1.128/armgcctoolchain/bin/../lib/gcc/arm-none-eabi/4.7.0/../../../../arm-none-eabi/lib/thumb\libc.a(lib_a-atexit.o)
 .ARM.attributes
                0x0000040d       0x2d c:/program files (x86)/atmel/atmel studio 6.0/extensions/atmel/armgcc/3.3.1.128/armgcctoolchain/bin/../lib/gcc/arm-none-eabi/4.7.0/../../../../arm-none-eabi/lib/thumb\libc.a(lib_a-atoi.o)
 .ARM.attributes
                0x0000043a       0x2d c:/program files (x86)/atmel/atmel studio 6.0/extensions/atmel/armgcc/3.3.1.128/armgcctoolchain/bin/../lib/gcc/arm-none-eabi/4.7.0/../../../../arm-none-eabi/lib/thumb\libc.a(lib_a-fini.o)
 .ARM.attributes
                0x00000467       0x2d c:/program files (x86)/atmel/atmel studio 6.0/extensions/atmel/armgcc/3.3.1.128/armgcctoolchain/bin/../lib/gcc/arm-none-eabi/4.7.0/../../../../arm-none-eabi/lib/thumb\libc.a(lib_a-impure.o)
 .ARM.attributes
                0x00000494       0x2d c:/program files (x86)/atmel/atmel studio 6.0/extensions/atmel/armgcc/3.3.1.128/armgcctoolchain/bin/../lib/gcc/arm-none-eabi/4.7.0/../../../../arm-none-eabi/lib/thumb\libc.a(lib_a-init.o)
 .ARM.attributes
                0x000004c1       0x2d c:/program files (x86)/atmel/atmel studio 6.0/extensions/atmel/armgcc/3.3.1.128/armgcctoolchain/bin/../lib/gcc/arm-none-eabi/4.7.0/../../../../arm-none-eabi/lib/thumb\libc.a(lib_a-strcpy.o)
 .ARM.attributes
                0x000004ee       0x2d c:/program files (x86)/atmel/atmel studio 6.0/extensions/atmel/armgcc/3.3.1.128/armgcctoolchain/bin/../lib/gcc/arm-none-eabi/4.7.0/../../../../arm-none-eabi/lib/thumb\libc.a(lib_a-strtok.o)
 .ARM.attributes
                0x0000051b       0x2d c:/program files (x86)/atmel/atmel studio 6.0/extensions/atmel/armgcc/3.3.1.128/armgcctoolchain/bin/../lib/gcc/arm-none-eabi/4.7.0/../../../../arm-none-eabi/lib/thumb\libc.a(lib_a-strtok_r.o)
 .ARM.attributes
                0x00000548       0x2d c:/program files (x86)/atmel/atmel studio 6.0/extensions/atmel/armgcc/3.3.1.128/armgcctoolchain/bin/../lib/gcc/arm-none-eabi/4.7.0/../../../../arm-none-eabi/lib/thumb\libc.a(lib_a-strtol.o)
 .ARM.attributes
                0x00000575       0x2d c:/program files (x86)/atmel/atmel studio 6.0/extensions/atmel/armgcc/3.3.1.128/armgcctoolchain/bin/../lib/gcc/arm-none-eabi/4.7.0/../../../../arm-none-eabi/lib/thumb\libc.a(lib_a-__atexit.o)
 .ARM.attributes
                0x000005a2       0x2d c:/program files (x86)/atmel/atmel studio 6.0/extensions/atmel/armgcc/3.3.1.128/armgcctoolchain/bin/../lib/gcc/arm-none-eabi/4.7.0/../../../../arm-none-eabi/lib/thumb\libc.a(lib_a-__call_atexit.o)
 .ARM.attributes
                0x000005cf       0x2d c:/program files (x86)/atmel/atmel studio 6.0/extensions/atmel/armgcc/3.3.1.128/armgcctoolchain/bin/../lib/gcc/arm-none-eabi/4.7.0/../../../../arm-none-eabi/lib/thumb\libc.a(lib_a-ctype_.o)
 .ARM.attributes
                0x000005fc       0x2d c:/program files (x86)/atmel/atmel studio 6.0/extensions/atmel/armgcc/3.3.1.128/armgcctoolchain/bin/../lib/gcc/arm-none-eabi/4.7.0/thumb/crtend.o
 .ARM.attributes
                0x00000629       0x1d c:/program files (x86)/atmel/atmel studio 6.0/extensions/atmel/armgcc/3.3.1.128/armgcctoolchain/bin/../lib/gcc/arm-none-eabi/4.7.0/thumb/crtn.o

.comment        0x00000000       0x33
 .comment       0x00000000       0x33 c:/program files (x86)/atmel/atmel studio 6.0/extensions/atmel/armgcc/3.3.1.128/armgcctoolchain/bin/../lib/gcc/arm-none-eabi/4.7.0/thumb/crtbegin.o
                                 0x34 (size before relaxing)
 .comment       0x00000000       0x34 src/asf/common/boards/user_board/init.o
 .comment       0x00000000       0x34 src/sd_mmc_mem.o
 .comment       0x00000000       0x34 src/asf/common/components/memory/sd_mmc/sd_mmc.o
 .comment       0x00000000       0x34 src/asf/common/services/clock/sam4s/sysclk.o
 .comment       0x00000000       0x34 src/asf/common/services/storage/ctrl_access/ctrl_access.o
 .comment       0x00000000       0x34 src/asf/sam/drivers/dacc/dacc.o
 .comment       0x00000000       0x34 src/asf/sam/drivers/hsmci/hsmci.o
 .comment       0x00000000       0x34 src/asf/sam/drivers/pio/pio.o
 .comment       0x00000000       0x34 src/asf/sam/drivers/pio/pio_handler.o
 .comment       0x00000000       0x34 src/asf/sam/drivers/pmc/pmc.o
 .comment       0x00000000       0x34 src/asf/sam/drivers/rtc/rtc.o
 .comment       0x00000000       0x34 src/asf/sam/utils/cmsis/sam4s/source/templates/exceptions.o
 .comment       0x00000000       0x34 src/asf/sam/utils/cmsis/sam4s/source/templates/gcc/startup_sam4s.o
 .comment       0x00000000       0x34 src/asf/sam/utils/cmsis/sam4s/source/templates/system_sam4s.o
 .comment       0x00000000       0x34 src/asf/thirdparty/fatfs/fatfs-port-r0.09/diskio.o
 .comment       0x00000000       0x34 src/asf/thirdparty/fatfs/fatfs-r0.09/src/ff.o
 .comment       0x00000000       0x34 src/asf/thirdparty/fatfs/fatfs-r0.09/src/option/ccsbcs.o
 .comment       0x00000000       0x34 src/main.o
 .comment       0x00000000       0x34 c:/program files (x86)/atmel/atmel studio 6.0/extensions/atmel/armgcc/3.3.1.128/armgcctoolchain/bin/../lib/gcc/arm-none-eabi/4.7.0/../../../../arm-none-eabi/lib/thumb\libc.a(lib_a-atexit.o)
 .comment       0x00000000       0x34 c:/program files (x86)/atmel/atmel studio 6.0/extensions/atmel/armgcc/3.3.1.128/armgcctoolchain/bin/../lib/gcc/arm-none-eabi/4.7.0/../../../../arm-none-eabi/lib/thumb\libc.a(lib_a-atoi.o)
 .comment       0x00000000       0x34 c:/program files (x86)/atmel/atmel studio 6.0/extensions/atmel/armgcc/3.3.1.128/armgcctoolchain/bin/../lib/gcc/arm-none-eabi/4.7.0/../../../../arm-none-eabi/lib/thumb\libc.a(lib_a-fini.o)
 .comment       0x00000000       0x34 c:/program files (x86)/atmel/atmel studio 6.0/extensions/atmel/armgcc/3.3.1.128/armgcctoolchain/bin/../lib/gcc/arm-none-eabi/4.7.0/../../../../arm-none-eabi/lib/thumb\libc.a(lib_a-impure.o)
 .comment       0x00000000       0x34 c:/program files (x86)/atmel/atmel studio 6.0/extensions/atmel/armgcc/3.3.1.128/armgcctoolchain/bin/../lib/gcc/arm-none-eabi/4.7.0/../../../../arm-none-eabi/lib/thumb\libc.a(lib_a-init.o)
 .comment       0x00000000       0x34 c:/program files (x86)/atmel/atmel studio 6.0/extensions/atmel/armgcc/3.3.1.128/armgcctoolchain/bin/../lib/gcc/arm-none-eabi/4.7.0/../../../../arm-none-eabi/lib/thumb\libc.a(lib_a-strcpy.o)
 .comment       0x00000000       0x34 c:/program files (x86)/atmel/atmel studio 6.0/extensions/atmel/armgcc/3.3.1.128/armgcctoolchain/bin/../lib/gcc/arm-none-eabi/4.7.0/../../../../arm-none-eabi/lib/thumb\libc.a(lib_a-strtok.o)
 .comment       0x00000000       0x34 c:/program files (x86)/atmel/atmel studio 6.0/extensions/atmel/armgcc/3.3.1.128/armgcctoolchain/bin/../lib/gcc/arm-none-eabi/4.7.0/../../../../arm-none-eabi/lib/thumb\libc.a(lib_a-strtok_r.o)
 .comment       0x00000000       0x34 c:/program files (x86)/atmel/atmel studio 6.0/extensions/atmel/armgcc/3.3.1.128/armgcctoolchain/bin/../lib/gcc/arm-none-eabi/4.7.0/../../../../arm-none-eabi/lib/thumb\libc.a(lib_a-strtol.o)
 .comment       0x00000000       0x34 c:/program files (x86)/atmel/atmel studio 6.0/extensions/atmel/armgcc/3.3.1.128/armgcctoolchain/bin/../lib/gcc/arm-none-eabi/4.7.0/../../../../arm-none-eabi/lib/thumb\libc.a(lib_a-__atexit.o)
 .comment       0x00000000       0x34 c:/program files (x86)/atmel/atmel studio 6.0/extensions/atmel/armgcc/3.3.1.128/armgcctoolchain/bin/../lib/gcc/arm-none-eabi/4.7.0/../../../../arm-none-eabi/lib/thumb\libc.a(lib_a-__call_atexit.o)
 .comment       0x00000000       0x34 c:/program files (x86)/atmel/atmel studio 6.0/extensions/atmel/armgcc/3.3.1.128/armgcctoolchain/bin/../lib/gcc/arm-none-eabi/4.7.0/../../../../arm-none-eabi/lib/thumb\libc.a(lib_a-ctype_.o)
 .comment       0x00000000       0x34 c:/program files (x86)/atmel/atmel studio 6.0/extensions/atmel/armgcc/3.3.1.128/armgcctoolchain/bin/../lib/gcc/arm-none-eabi/4.7.0/thumb/crtend.o

.debug_info     0x00000000    0x106de
 .debug_info    0x00000000      0x3c8 src/asf/common/boards/user_board/init.o
 .debug_info    0x000003c8      0x644 src/sd_mmc_mem.o
 .debug_info    0x00000a0c     0x1bff src/asf/common/components/memory/sd_mmc/sd_mmc.o
 .debug_info    0x0000260b      0x81c src/asf/common/services/clock/sam4s/sysclk.o
 .debug_info    0x00002e27      0x4c3 src/asf/common/services/storage/ctrl_access/ctrl_access.o
 .debug_info    0x000032ea      0x86d src/asf/sam/drivers/dacc/dacc.o
 .debug_info    0x00003b57      0xae2 src/asf/sam/drivers/hsmci/hsmci.o
 .debug_info    0x00004639     0x1728 src/asf/sam/drivers/pio/pio.o
 .debug_info    0x00005d61      0xe7b src/asf/sam/drivers/pio/pio_handler.o
 .debug_info    0x00006bdc      0xf7e src/asf/sam/drivers/pmc/pmc.o
 .debug_info    0x00007b5a      0x7c1 src/asf/sam/drivers/rtc/rtc.o
 .debug_info    0x0000831b       0xae src/asf/sam/utils/cmsis/sam4s/source/templates/exceptions.o
 .debug_info    0x000083c9      0x344 src/asf/sam/utils/cmsis/sam4s/source/templates/gcc/startup_sam4s.o
 .debug_info    0x0000870d      0x479 src/asf/sam/utils/cmsis/sam4s/source/templates/system_sam4s.o
 .debug_info    0x00008b86      0x55e src/asf/thirdparty/fatfs/fatfs-port-r0.09/diskio.o
 .debug_info    0x000090e4     0x17e0 src/asf/thirdparty/fatfs/fatfs-r0.09/src/ff.o
 .debug_info    0x0000a8c4      0x171 src/asf/thirdparty/fatfs/fatfs-r0.09/src/option/ccsbcs.o
 .debug_info    0x0000aa35     0x1a8f src/main.o
 .debug_info    0x0000c4c4      0x10f c:/program files (x86)/atmel/atmel studio 6.0/extensions/atmel/armgcc/3.3.1.128/armgcctoolchain/bin/../lib/gcc/arm-none-eabi/4.7.0/../../../../arm-none-eabi/lib/thumb\libc.a(lib_a-atexit.o)
 .debug_info    0x0000c5d3      0xa1c c:/program files (x86)/atmel/atmel studio 6.0/extensions/atmel/armgcc/3.3.1.128/armgcctoolchain/bin/../lib/gcc/arm-none-eabi/4.7.0/../../../../arm-none-eabi/lib/thumb\libc.a(lib_a-atoi.o)
 .debug_info    0x0000cfef       0xf7 c:/program files (x86)/atmel/atmel studio 6.0/extensions/atmel/armgcc/3.3.1.128/armgcctoolchain/bin/../lib/gcc/arm-none-eabi/4.7.0/../../../../arm-none-eabi/lib/thumb\libc.a(lib_a-fini.o)
 .debug_info    0x0000d0e6      0x961 c:/program files (x86)/atmel/atmel studio 6.0/extensions/atmel/armgcc/3.3.1.128/armgcctoolchain/bin/../lib/gcc/arm-none-eabi/4.7.0/../../../../arm-none-eabi/lib/thumb\libc.a(lib_a-impure.o)
 .debug_info    0x0000da47      0x112 c:/program files (x86)/atmel/atmel studio 6.0/extensions/atmel/armgcc/3.3.1.128/armgcctoolchain/bin/../lib/gcc/arm-none-eabi/4.7.0/../../../../arm-none-eabi/lib/thumb\libc.a(lib_a-init.o)
 .debug_info    0x0000db59       0xbd c:/program files (x86)/atmel/atmel studio 6.0/extensions/atmel/armgcc/3.3.1.128/armgcctoolchain/bin/../lib/gcc/arm-none-eabi/4.7.0/../../../../arm-none-eabi/lib/thumb\libc.a(lib_a-strcpy.o)
 .debug_info    0x0000dc16      0x9c0 c:/program files (x86)/atmel/atmel studio 6.0/extensions/atmel/armgcc/3.3.1.128/armgcctoolchain/bin/../lib/gcc/arm-none-eabi/4.7.0/../../../../arm-none-eabi/lib/thumb\libc.a(lib_a-strtok.o)
 .debug_info    0x0000e5d6      0x18c c:/program files (x86)/atmel/atmel studio 6.0/extensions/atmel/armgcc/3.3.1.128/armgcctoolchain/bin/../lib/gcc/arm-none-eabi/4.7.0/../../../../arm-none-eabi/lib/thumb\libc.a(lib_a-strtok_r.o)
 .debug_info    0x0000e762      0xa7f c:/program files (x86)/atmel/atmel studio 6.0/extensions/atmel/armgcc/3.3.1.128/armgcctoolchain/bin/../lib/gcc/arm-none-eabi/4.7.0/../../../../arm-none-eabi/lib/thumb\libc.a(lib_a-strtol.o)
 .debug_info    0x0000f1e1      0xa15 c:/program files (x86)/atmel/atmel studio 6.0/extensions/atmel/armgcc/3.3.1.128/armgcctoolchain/bin/../lib/gcc/arm-none-eabi/4.7.0/../../../../arm-none-eabi/lib/thumb\libc.a(lib_a-__atexit.o)
 .debug_info    0x0000fbf6      0xa7b c:/program files (x86)/atmel/atmel studio 6.0/extensions/atmel/armgcc/3.3.1.128/armgcctoolchain/bin/../lib/gcc/arm-none-eabi/4.7.0/../../../../arm-none-eabi/lib/thumb\libc.a(lib_a-__call_atexit.o)
 .debug_info    0x00010671       0x6d c:/program files (x86)/atmel/atmel studio 6.0/extensions/atmel/armgcc/3.3.1.128/armgcctoolchain/bin/../lib/gcc/arm-none-eabi/4.7.0/../../../../arm-none-eabi/lib/thumb\libc.a(lib_a-ctype_.o)

.debug_abbrev   0x00000000     0x313e
 .debug_abbrev  0x00000000       0xed src/asf/common/boards/user_board/init.o
 .debug_abbrev  0x000000ed      0x146 src/sd_mmc_mem.o
 .debug_abbrev  0x00000233      0x33e src/asf/common/components/memory/sd_mmc/sd_mmc.o
 .debug_abbrev  0x00000571      0x210 src/asf/common/services/clock/sam4s/sysclk.o
 .debug_abbrev  0x00000781      0x1bb src/asf/common/services/storage/ctrl_access/ctrl_access.o
 .debug_abbrev  0x0000093c      0x1c6 src/asf/sam/drivers/dacc/dacc.o
 .debug_abbrev  0x00000b02      0x325 src/asf/sam/drivers/hsmci/hsmci.o
 .debug_abbrev  0x00000e27      0x23b src/asf/sam/drivers/pio/pio.o
 .debug_abbrev  0x00001062      0x22e src/asf/sam/drivers/pio/pio_handler.o
 .debug_abbrev  0x00001290      0x235 src/asf/sam/drivers/pmc/pmc.o
 .debug_abbrev  0x000014c5      0x1df src/asf/sam/drivers/rtc/rtc.o
 .debug_abbrev  0x000016a4       0x6c src/asf/sam/utils/cmsis/sam4s/source/templates/exceptions.o
 .debug_abbrev  0x00001710      0x107 src/asf/sam/utils/cmsis/sam4s/source/templates/gcc/startup_sam4s.o
 .debug_abbrev  0x00001817       0xf5 src/asf/sam/utils/cmsis/sam4s/source/templates/system_sam4s.o
 .debug_abbrev  0x0000190c      0x1ad src/asf/thirdparty/fatfs/fatfs-port-r0.09/diskio.o
 .debug_abbrev  0x00001ab9      0x2ef src/asf/thirdparty/fatfs/fatfs-r0.09/src/ff.o
 .debug_abbrev  0x00001da8       0xad src/asf/thirdparty/fatfs/fatfs-r0.09/src/option/ccsbcs.o
 .debug_abbrev  0x00001e55      0x3ef src/main.o
 .debug_abbrev  0x00002244       0xb6 c:/program files (x86)/atmel/atmel studio 6.0/extensions/atmel/armgcc/3.3.1.128/armgcctoolchain/bin/../lib/gcc/arm-none-eabi/4.7.0/../../../../arm-none-eabi/lib/thumb\libc.a(lib_a-atexit.o)
 .debug_abbrev  0x000022fa      0x1b1 c:/program files (x86)/atmel/atmel studio 6.0/extensions/atmel/armgcc/3.3.1.128/armgcctoolchain/bin/../lib/gcc/arm-none-eabi/4.7.0/../../../../arm-none-eabi/lib/thumb\libc.a(lib_a-atoi.o)
 .debug_abbrev  0x000024ab       0xbb c:/program files (x86)/atmel/atmel studio 6.0/extensions/atmel/armgcc/3.3.1.128/armgcctoolchain/bin/../lib/gcc/arm-none-eabi/4.7.0/../../../../arm-none-eabi/lib/thumb\libc.a(lib_a-fini.o)
 .debug_abbrev  0x00002566      0x160 c:/program files (x86)/atmel/atmel studio 6.0/extensions/atmel/armgcc/3.3.1.128/armgcctoolchain/bin/../lib/gcc/arm-none-eabi/4.7.0/../../../../arm-none-eabi/lib/thumb\libc.a(lib_a-impure.o)
 .debug_abbrev  0x000026c6       0xb8 c:/program files (x86)/atmel/atmel studio 6.0/extensions/atmel/armgcc/3.3.1.128/armgcctoolchain/bin/../lib/gcc/arm-none-eabi/4.7.0/../../../../arm-none-eabi/lib/thumb\libc.a(lib_a-init.o)
 .debug_abbrev  0x0000277e       0x70 c:/program files (x86)/atmel/atmel studio 6.0/extensions/atmel/armgcc/3.3.1.128/armgcctoolchain/bin/../lib/gcc/arm-none-eabi/4.7.0/../../../../arm-none-eabi/lib/thumb\libc.a(lib_a-strcpy.o)
 .debug_abbrev  0x000027ee      0x1be c:/program files (x86)/atmel/atmel studio 6.0/extensions/atmel/armgcc/3.3.1.128/armgcctoolchain/bin/../lib/gcc/arm-none-eabi/4.7.0/../../../../arm-none-eabi/lib/thumb\libc.a(lib_a-strtok.o)
 .debug_abbrev  0x000029ac       0xed c:/program files (x86)/atmel/atmel studio 6.0/extensions/atmel/armgcc/3.3.1.128/armgcctoolchain/bin/../lib/gcc/arm-none-eabi/4.7.0/../../../../arm-none-eabi/lib/thumb\libc.a(lib_a-strtok_r.o)
 .debug_abbrev  0x00002a99      0x1e7 c:/program files (x86)/atmel/atmel studio 6.0/extensions/atmel/armgcc/3.3.1.128/armgcctoolchain/bin/../lib/gcc/arm-none-eabi/4.7.0/../../../../arm-none-eabi/lib/thumb\libc.a(lib_a-strtol.o)
 .debug_abbrev  0x00002c80      0x1fe c:/program files (x86)/atmel/atmel studio 6.0/extensions/atmel/armgcc/3.3.1.128/armgcctoolchain/bin/../lib/gcc/arm-none-eabi/4.7.0/../../../../arm-none-eabi/lib/thumb\libc.a(lib_a-__atexit.o)
 .debug_abbrev  0x00002e7e      0x274 c:/program files (x86)/atmel/atmel studio 6.0/extensions/atmel/armgcc/3.3.1.128/armgcctoolchain/bin/../lib/gcc/arm-none-eabi/4.7.0/../../../../arm-none-eabi/lib/thumb\libc.a(lib_a-__call_atexit.o)
 .debug_abbrev  0x000030f2       0x4c c:/program files (x86)/atmel/atmel studio 6.0/extensions/atmel/armgcc/3.3.1.128/armgcctoolchain/bin/../lib/gcc/arm-none-eabi/4.7.0/../../../../arm-none-eabi/lib/thumb\libc.a(lib_a-ctype_.o)

.debug_loc      0x00000000     0x8c77
 .debug_loc     0x00000000       0x20 src/asf/common/boards/user_board/init.o
 .debug_loc     0x00000020      0x566 src/sd_mmc_mem.o
 .debug_loc     0x00000586     0x1a25 src/asf/common/components/memory/sd_mmc/sd_mmc.o
 .debug_loc     0x00001fab      0x12d src/asf/common/services/clock/sam4s/sysclk.o
 .debug_loc     0x000020d8      0x37d src/asf/common/services/storage/ctrl_access/ctrl_access.o
 .debug_loc     0x00002455      0x307 src/asf/sam/drivers/dacc/dacc.o
 .debug_loc     0x0000275c      0x972 src/asf/sam/drivers/hsmci/hsmci.o
 .debug_loc     0x000030ce      0xb48 src/asf/sam/drivers/pio/pio.o
 .debug_loc     0x00003c16      0x45a src/asf/sam/drivers/pio/pio_handler.o
 .debug_loc     0x00004070      0x860 src/asf/sam/drivers/pmc/pmc.o
 .debug_loc     0x000048d0      0x85d src/asf/sam/drivers/rtc/rtc.o
 .debug_loc     0x0000512d       0x20 src/asf/sam/utils/cmsis/sam4s/source/templates/gcc/startup_sam4s.o
 .debug_loc     0x0000514d      0x5c6 src/asf/thirdparty/fatfs/fatfs-port-r0.09/diskio.o
 .debug_loc     0x00005713     0x27b1 src/asf/thirdparty/fatfs/fatfs-r0.09/src/ff.o
 .debug_loc     0x00007ec4      0x125 src/asf/thirdparty/fatfs/fatfs-r0.09/src/option/ccsbcs.o
 .debug_loc     0x00007fe9      0x3ea src/main.o
 .debug_loc     0x000083d3       0x2c c:/program files (x86)/atmel/atmel studio 6.0/extensions/atmel/armgcc/3.3.1.128/armgcctoolchain/bin/../lib/gcc/arm-none-eabi/4.7.0/../../../../arm-none-eabi/lib/thumb\libc.a(lib_a-atexit.o)
 .debug_loc     0x000083ff       0x63 c:/program files (x86)/atmel/atmel studio 6.0/extensions/atmel/armgcc/3.3.1.128/armgcctoolchain/bin/../lib/gcc/arm-none-eabi/4.7.0/../../../../arm-none-eabi/lib/thumb\libc.a(lib_a-atoi.o)
 .debug_loc     0x00008462       0x33 c:/program files (x86)/atmel/atmel studio 6.0/extensions/atmel/armgcc/3.3.1.128/armgcctoolchain/bin/../lib/gcc/arm-none-eabi/4.7.0/../../../../arm-none-eabi/lib/thumb\libc.a(lib_a-fini.o)
 .debug_loc     0x00008495       0x74 c:/program files (x86)/atmel/atmel studio 6.0/extensions/atmel/armgcc/3.3.1.128/armgcctoolchain/bin/../lib/gcc/arm-none-eabi/4.7.0/../../../../arm-none-eabi/lib/thumb\libc.a(lib_a-init.o)
 .debug_loc     0x00008509       0x21 c:/program files (x86)/atmel/atmel studio 6.0/extensions/atmel/armgcc/3.3.1.128/armgcctoolchain/bin/../lib/gcc/arm-none-eabi/4.7.0/../../../../arm-none-eabi/lib/thumb\libc.a(lib_a-strcpy.o)
 .debug_loc     0x0000852a       0x42 c:/program files (x86)/atmel/atmel studio 6.0/extensions/atmel/armgcc/3.3.1.128/armgcctoolchain/bin/../lib/gcc/arm-none-eabi/4.7.0/../../../../arm-none-eabi/lib/thumb\libc.a(lib_a-strtok.o)
 .debug_loc     0x0000856c      0x1f3 c:/program files (x86)/atmel/atmel studio 6.0/extensions/atmel/armgcc/3.3.1.128/armgcctoolchain/bin/../lib/gcc/arm-none-eabi/4.7.0/../../../../arm-none-eabi/lib/thumb\libc.a(lib_a-strtok_r.o)
 .debug_loc     0x0000875f      0x31c c:/program files (x86)/atmel/atmel studio 6.0/extensions/atmel/armgcc/3.3.1.128/armgcctoolchain/bin/../lib/gcc/arm-none-eabi/4.7.0/../../../../arm-none-eabi/lib/thumb\libc.a(lib_a-strtol.o)
 .debug_loc     0x00008a7b       0xfa c:/program files (x86)/atmel/atmel studio 6.0/extensions/atmel/armgcc/3.3.1.128/armgcctoolchain/bin/../lib/gcc/arm-none-eabi/4.7.0/../../../../arm-none-eabi/lib/thumb\libc.a(lib_a-__atexit.o)
 .debug_loc     0x00008b75      0x102 c:/program files (x86)/atmel/atmel studio 6.0/extensions/atmel/armgcc/3.3.1.128/armgcctoolchain/bin/../lib/gcc/arm-none-eabi/4.7.0/../../../../arm-none-eabi/lib/thumb\libc.a(lib_a-__call_atexit.o)

.debug_aranges  0x00000000      0xba0
 .debug_aranges
                0x00000000       0x20 src/asf/common/boards/user_board/init.o
 .debug_aranges
                0x00000020       0xa8 src/sd_mmc_mem.o
 .debug_aranges
                0x000000c8       0xd0 src/asf/common/components/memory/sd_mmc/sd_mmc.o
 .debug_aranges
                0x00000198       0x40 src/asf/common/services/clock/sam4s/sysclk.o
 .debug_aranges
                0x000001d8       0x68 src/asf/common/services/storage/ctrl_access/ctrl_access.o
 .debug_aranges
                0x00000240       0xc0 src/asf/sam/drivers/dacc/dacc.o
 .debug_aranges
                0x00000300       0xb0 src/asf/sam/drivers/hsmci/hsmci.o
 .debug_aranges
                0x000003b0      0x1a8 src/asf/sam/drivers/pio/pio.o
 .debug_aranges
                0x00000558       0x50 src/asf/sam/drivers/pio/pio_handler.o
 .debug_aranges
                0x000005a8      0x1c8 src/asf/sam/drivers/pmc/pmc.o
 .debug_aranges
                0x00000770       0xb0 src/asf/sam/drivers/rtc/rtc.o
 .debug_aranges
                0x00000820       0x20 src/asf/sam/utils/cmsis/sam4s/source/templates/exceptions.o
 .debug_aranges
                0x00000840       0x20 src/asf/sam/utils/cmsis/sam4s/source/templates/gcc/startup_sam4s.o
 .debug_aranges
                0x00000860       0x30 src/asf/sam/utils/cmsis/sam4s/source/templates/system_sam4s.o
 .debug_aranges
                0x00000890       0x40 src/asf/thirdparty/fatfs/fatfs-port-r0.09/diskio.o
 .debug_aranges
                0x000008d0       0xb8 src/asf/thirdparty/fatfs/fatfs-r0.09/src/ff.o
 .debug_aranges
                0x00000988       0x28 src/asf/thirdparty/fatfs/fatfs-r0.09/src/option/ccsbcs.o
 .debug_aranges
                0x000009b0       0x78 src/main.o
 .debug_aranges
                0x00000a28       0x20 c:/program files (x86)/atmel/atmel studio 6.0/extensions/atmel/armgcc/3.3.1.128/armgcctoolchain/bin/../lib/gcc/arm-none-eabi/4.7.0/../../../../arm-none-eabi/lib/thumb\libc.a(lib_a-atexit.o)
 .debug_aranges
                0x00000a48       0x20 c:/program files (x86)/atmel/atmel studio 6.0/extensions/atmel/armgcc/3.3.1.128/armgcctoolchain/bin/../lib/gcc/arm-none-eabi/4.7.0/../../../../arm-none-eabi/lib/thumb\libc.a(lib_a-atoi.o)
 .debug_aranges
                0x00000a68       0x20 c:/program files (x86)/atmel/atmel studio 6.0/extensions/atmel/armgcc/3.3.1.128/armgcctoolchain/bin/../lib/gcc/arm-none-eabi/4.7.0/../../../../arm-none-eabi/lib/thumb\libc.a(lib_a-fini.o)
 .debug_aranges
                0x00000a88       0x18 c:/program files (x86)/atmel/atmel studio 6.0/extensions/atmel/armgcc/3.3.1.128/armgcctoolchain/bin/../lib/gcc/arm-none-eabi/4.7.0/../../../../arm-none-eabi/lib/thumb\libc.a(lib_a-impure.o)
 .debug_aranges
                0x00000aa0       0x20 c:/program files (x86)/atmel/atmel studio 6.0/extensions/atmel/armgcc/3.3.1.128/armgcctoolchain/bin/../lib/gcc/arm-none-eabi/4.7.0/../../../../arm-none-eabi/lib/thumb\libc.a(lib_a-init.o)
 .debug_aranges
                0x00000ac0       0x20 c:/program files (x86)/atmel/atmel studio 6.0/extensions/atmel/armgcc/3.3.1.128/armgcctoolchain/bin/../lib/gcc/arm-none-eabi/4.7.0/../../../../arm-none-eabi/lib/thumb\libc.a(lib_a-strcpy.o)
 .debug_aranges
                0x00000ae0       0x20 c:/program files (x86)/atmel/atmel studio 6.0/extensions/atmel/armgcc/3.3.1.128/armgcctoolchain/bin/../lib/gcc/arm-none-eabi/4.7.0/../../../../arm-none-eabi/lib/thumb\libc.a(lib_a-strtok.o)
 .debug_aranges
                0x00000b00       0x20 c:/program files (x86)/atmel/atmel studio 6.0/extensions/atmel/armgcc/3.3.1.128/armgcctoolchain/bin/../lib/gcc/arm-none-eabi/4.7.0/../../../../arm-none-eabi/lib/thumb\libc.a(lib_a-strtok_r.o)
 .debug_aranges
                0x00000b20       0x20 c:/program files (x86)/atmel/atmel studio 6.0/extensions/atmel/armgcc/3.3.1.128/armgcctoolchain/bin/../lib/gcc/arm-none-eabi/4.7.0/../../../../arm-none-eabi/lib/thumb\libc.a(lib_a-strtol.o)
 .debug_aranges
                0x00000b40       0x20 c:/program files (x86)/atmel/atmel studio 6.0/extensions/atmel/armgcc/3.3.1.128/armgcctoolchain/bin/../lib/gcc/arm-none-eabi/4.7.0/../../../../arm-none-eabi/lib/thumb\libc.a(lib_a-__atexit.o)
 .debug_aranges
                0x00000b60       0x28 c:/program files (x86)/atmel/atmel studio 6.0/extensions/atmel/armgcc/3.3.1.128/armgcctoolchain/bin/../lib/gcc/arm-none-eabi/4.7.0/../../../../arm-none-eabi/lib/thumb\libc.a(lib_a-__call_atexit.o)
 .debug_aranges
                0x00000b88       0x18 c:/program files (x86)/atmel/atmel studio 6.0/extensions/atmel/armgcc/3.3.1.128/armgcctoolchain/bin/../lib/gcc/arm-none-eabi/4.7.0/../../../../arm-none-eabi/lib/thumb\libc.a(lib_a-ctype_.o)

.debug_ranges   0x00000000      0xde0
 .debug_ranges  0x00000000       0x10 src/asf/common/boards/user_board/init.o
 .debug_ranges  0x00000010       0x98 src/sd_mmc_mem.o
 .debug_ranges  0x000000a8      0x300 src/asf/common/components/memory/sd_mmc/sd_mmc.o
 .debug_ranges  0x000003a8       0x30 src/asf/common/services/clock/sam4s/sysclk.o
 .debug_ranges  0x000003d8       0x58 src/asf/common/services/storage/ctrl_access/ctrl_access.o
 .debug_ranges  0x00000430       0xb0 src/asf/sam/drivers/dacc/dacc.o
 .debug_ranges  0x000004e0       0xa0 src/asf/sam/drivers/hsmci/hsmci.o
 .debug_ranges  0x00000580      0x198 src/asf/sam/drivers/pio/pio.o
 .debug_ranges  0x00000718       0x40 src/asf/sam/drivers/pio/pio_handler.o
 .debug_ranges  0x00000758      0x1b8 src/asf/sam/drivers/pmc/pmc.o
 .debug_ranges  0x00000910       0xa0 src/asf/sam/drivers/rtc/rtc.o
 .debug_ranges  0x000009b0       0x10 src/asf/sam/utils/cmsis/sam4s/source/templates/exceptions.o
 .debug_ranges  0x000009c0       0x10 src/asf/sam/utils/cmsis/sam4s/source/templates/gcc/startup_sam4s.o
 .debug_ranges  0x000009d0       0x20 src/asf/sam/utils/cmsis/sam4s/source/templates/system_sam4s.o
 .debug_ranges  0x000009f0       0x30 src/asf/thirdparty/fatfs/fatfs-port-r0.09/diskio.o
 .debug_ranges  0x00000a20      0x2c8 src/asf/thirdparty/fatfs/fatfs-r0.09/src/ff.o
 .debug_ranges  0x00000ce8       0x18 src/asf/thirdparty/fatfs/fatfs-r0.09/src/option/ccsbcs.o
 .debug_ranges  0x00000d00       0x80 src/main.o
 .debug_ranges  0x00000d80       0x60 c:/program files (x86)/atmel/atmel studio 6.0/extensions/atmel/armgcc/3.3.1.128/armgcctoolchain/bin/../lib/gcc/arm-none-eabi/4.7.0/../../../../arm-none-eabi/lib/thumb\libc.a(lib_a-__call_atexit.o)

.debug_macro    0x00000000    0x1c29e
 .debug_macro   0x00000000      0xdee src/asf/common/boards/user_board/init.o
 .debug_macro   0x00000dee       0x22 src/asf/common/boards/user_board/init.o
 .debug_macro   0x00000e10      0x16c src/asf/common/boards/user_board/init.o
 .debug_macro   0x00000f7c      0x29a src/asf/common/boards/user_board/init.o
 .debug_macro   0x00001216       0x76 src/asf/common/boards/user_board/init.o
 .debug_macro   0x0000128c       0x16 src/asf/common/boards/user_board/init.o
 .debug_macro   0x000012a2      0x6e1 src/asf/common/boards/user_board/init.o
 .debug_macro   0x00001983      0x214 src/asf/common/boards/user_board/init.o
 .debug_macro   0x00001b97       0x27 src/asf/common/boards/user_board/init.o
 .debug_macro   0x00001bbe       0x3b src/asf/common/boards/user_board/init.o
 .debug_macro   0x00001bf9       0x18 src/asf/common/boards/user_board/init.o
 .debug_macro   0x00001c11       0x42 src/asf/common/boards/user_board/init.o
 .debug_macro   0x00001c53      0xb17 src/asf/common/boards/user_board/init.o
 .debug_macro   0x0000276a      0x157 src/asf/common/boards/user_board/init.o
 .debug_macro   0x000028c1      0xac1 src/asf/common/boards/user_board/init.o
 .debug_macro   0x00003382      0x281 src/asf/common/boards/user_board/init.o
 .debug_macro   0x00003603       0xac src/asf/common/boards/user_board/init.o
 .debug_macro   0x000036af      0x309 src/asf/common/boards/user_board/init.o
 .debug_macro   0x000039b8      0x106 src/asf/common/boards/user_board/init.o
 .debug_macro   0x00003abe       0x1c src/asf/common/boards/user_board/init.o
 .debug_macro   0x00003ada      0x766 src/asf/common/boards/user_board/init.o
 .debug_macro   0x00004240      0x2d0 src/asf/common/boards/user_board/init.o
 .debug_macro   0x00004510       0xbe src/asf/common/boards/user_board/init.o
 .debug_macro   0x000045ce     0x27fd src/asf/common/boards/user_board/init.o
 .debug_macro   0x00006dcb      0x7eb src/asf/common/boards/user_board/init.o
 .debug_macro   0x000075b6      0xa7d src/asf/common/boards/user_board/init.o
 .debug_macro   0x00008033       0x7c src/asf/common/boards/user_board/init.o
 .debug_macro   0x000080af      0x3d6 src/asf/common/boards/user_board/init.o
 .debug_macro   0x00008485       0x58 src/asf/common/boards/user_board/init.o
 .debug_macro   0x000084dd      0x383 src/asf/common/boards/user_board/init.o
 .debug_macro   0x00008860      0x628 src/asf/common/boards/user_board/init.o
 .debug_macro   0x00008e88      0x6f6 src/asf/common/boards/user_board/init.o
 .debug_macro   0x0000957e      0x59c src/asf/common/boards/user_board/init.o
 .debug_macro   0x00009b1a      0x34a src/asf/common/boards/user_board/init.o
 .debug_macro   0x00009e64      0x289 src/asf/common/boards/user_board/init.o
 .debug_macro   0x0000a0ed      0x2d3 src/asf/common/boards/user_board/init.o
 .debug_macro   0x0000a3c0      0x6d6 src/asf/common/boards/user_board/init.o
 .debug_macro   0x0000aa96       0x76 src/asf/common/boards/user_board/init.o
 .debug_macro   0x0000ab0c       0xb8 src/asf/common/boards/user_board/init.o
 .debug_macro   0x0000abc4       0xb2 src/asf/common/boards/user_board/init.o
 .debug_macro   0x0000ac76       0x88 src/asf/common/boards/user_board/init.o
 .debug_macro   0x0000acfe      0x102 src/asf/common/boards/user_board/init.o
 .debug_macro   0x0000ae00      0x102 src/asf/common/boards/user_board/init.o
 .debug_macro   0x0000af02       0x88 src/asf/common/boards/user_board/init.o
 .debug_macro   0x0000af8a       0x88 src/asf/common/boards/user_board/init.o
 .debug_macro   0x0000b012      0x2cd src/asf/common/boards/user_board/init.o
 .debug_macro   0x0000b2df       0xb2 src/asf/common/boards/user_board/init.o
 .debug_macro   0x0000b391       0xb2 src/asf/common/boards/user_board/init.o
 .debug_macro   0x0000b443       0x52 src/asf/common/boards/user_board/init.o
 .debug_macro   0x0000b495       0xac src/asf/common/boards/user_board/init.o
 .debug_macro   0x0000b541       0x7c src/asf/common/boards/user_board/init.o
 .debug_macro   0x0000b5bd       0x40 src/asf/common/boards/user_board/init.o
 .debug_macro   0x0000b5fd       0x64 src/asf/common/boards/user_board/init.o
 .debug_macro   0x0000b661       0x4c src/asf/common/boards/user_board/init.o
 .debug_macro   0x0000b6ad       0xa6 src/asf/common/boards/user_board/init.o
 .debug_macro   0x0000b753       0x7c src/asf/common/boards/user_board/init.o
 .debug_macro   0x0000b7cf       0x16 src/asf/common/boards/user_board/init.o
 .debug_macro   0x0000b7e5       0x7c src/asf/common/boards/user_board/init.o
 .debug_macro   0x0000b861       0x22 src/asf/common/boards/user_board/init.o
 .debug_macro   0x0000b883      0x192 src/asf/common/boards/user_board/init.o
 .debug_macro   0x0000ba15      0x162 src/asf/common/boards/user_board/init.o
 .debug_macro   0x0000bb77      0x162 src/asf/common/boards/user_board/init.o
 .debug_macro   0x0000bcd9       0x1c src/asf/common/boards/user_board/init.o
 .debug_macro   0x0000bcf5       0x2e src/asf/common/boards/user_board/init.o
 .debug_macro   0x0000bd23       0x22 src/asf/common/boards/user_board/init.o
 .debug_macro   0x0000bd45       0x1c src/asf/common/boards/user_board/init.o
 .debug_macro   0x0000bd61       0x52 src/asf/common/boards/user_board/init.o
 .debug_macro   0x0000bdb3       0x10 src/asf/common/boards/user_board/init.o
 .debug_macro   0x0000bdc3      0x211 src/asf/common/boards/user_board/init.o
 .debug_macro   0x0000bfd4      0x7fa src/asf/common/boards/user_board/init.o
 .debug_macro   0x0000c7ce       0xe4 src/asf/common/boards/user_board/init.o
 .debug_macro   0x0000c8b2       0x3a src/asf/common/boards/user_board/init.o
 .debug_macro   0x0000c8ec       0x2e src/asf/common/boards/user_board/init.o
 .debug_macro   0x0000c91a       0x95 src/asf/common/boards/user_board/init.o
 .debug_macro   0x0000c9af       0x10 src/asf/common/boards/user_board/init.o
 .debug_macro   0x0000c9bf       0x35 src/asf/common/boards/user_board/init.o
 .debug_macro   0x0000c9f4       0x10 src/asf/common/boards/user_board/init.o
 .debug_macro   0x0000ca04       0x3a src/asf/common/boards/user_board/init.o
 .debug_macro   0x0000ca3e       0x52 src/asf/common/boards/user_board/init.o
 .debug_macro   0x0000ca90       0x43 src/asf/common/boards/user_board/init.o
 .debug_macro   0x0000cad3      0x16d src/asf/common/boards/user_board/init.o
 .debug_macro   0x0000cc40       0x10 src/asf/common/boards/user_board/init.o
 .debug_macro   0x0000cc50       0x22 src/asf/common/boards/user_board/init.o
 .debug_macro   0x0000cc72       0x91 src/asf/common/boards/user_board/init.o
 .debug_macro   0x0000cd03       0x16 src/asf/common/boards/user_board/init.o
 .debug_macro   0x0000cd19      0x16d src/asf/common/boards/user_board/init.o
 .debug_macro   0x0000ce86       0x22 src/asf/common/boards/user_board/init.o
 .debug_macro   0x0000cea8       0x10 src/asf/common/boards/user_board/init.o
 .debug_macro   0x0000ceb8       0x16 src/asf/common/boards/user_board/init.o
 .debug_macro   0x0000cece       0x23 src/asf/common/boards/user_board/init.o
 .debug_macro   0x0000cef1       0x59 src/asf/common/boards/user_board/init.o
 .debug_macro   0x0000cf4a       0x3e src/asf/common/boards/user_board/init.o
 .debug_macro   0x0000cf88      0x322 src/asf/common/boards/user_board/init.o
 .debug_macro   0x0000d2aa       0x16 src/asf/common/boards/user_board/init.o
 .debug_macro   0x0000d2c0       0x46 src/asf/common/boards/user_board/init.o
 .debug_macro   0x0000d306      0x186 src/asf/common/boards/user_board/init.o
 .debug_macro   0x0000d48c      0x14e src/asf/common/boards/user_board/init.o
 .debug_macro   0x0000d5da       0x58 src/asf/common/boards/user_board/init.o
 .debug_macro   0x0000d632       0x64 src/asf/common/boards/user_board/init.o
 .debug_macro   0x0000d696       0x46 src/asf/common/boards/user_board/init.o
 .debug_macro   0x0000d6dc       0x90 src/asf/common/boards/user_board/init.o
 .debug_macro   0x0000d76c       0x28 src/asf/common/boards/user_board/init.o
 .debug_macro   0x0000d794       0x22 src/asf/common/boards/user_board/init.o
 .debug_macro   0x0000d7b6       0x10 src/asf/common/boards/user_board/init.o
 .debug_macro   0x0000d7c6       0x82 src/asf/common/boards/user_board/init.o
 .debug_macro   0x0000d848       0x9b src/asf/common/boards/user_board/init.o
 .debug_macro   0x0000d8e3       0xbd src/asf/common/boards/user_board/init.o
 .debug_macro   0x0000d9a0       0x94 src/asf/common/boards/user_board/init.o
 .debug_macro   0x0000da34       0x40 src/asf/common/boards/user_board/init.o
 .debug_macro   0x0000da74      0xd3e src/asf/common/boards/user_board/init.o
 .debug_macro   0x0000e7b2       0x82 src/asf/common/boards/user_board/init.o
 .debug_macro   0x0000e834      0x2c9 src/asf/common/boards/user_board/init.o
 .debug_macro   0x0000eafd       0x46 src/asf/common/boards/user_board/init.o
 .debug_macro   0x0000eb43       0x28 src/asf/common/boards/user_board/init.o
 .debug_macro   0x0000eb6b       0x10 src/asf/common/boards/user_board/init.o
 .debug_macro   0x0000eb7b       0x9a src/asf/common/boards/user_board/init.o
 .debug_macro   0x0000ec15      0xc97 src/sd_mmc_mem.o
 .debug_macro   0x0000f8ac      0x2c3 src/sd_mmc_mem.o
 .debug_macro   0x0000fb6f       0xa0 src/sd_mmc_mem.o
 .debug_macro   0x0000fc0f       0x4c src/sd_mmc_mem.o
 .debug_macro   0x0000fc5b      0xeb9 src/asf/common/components/memory/sd_mmc/sd_mmc.o
 .debug_macro   0x00010b14       0x10 src/asf/common/components/memory/sd_mmc/sd_mmc.o
 .debug_macro   0x00010b24       0x1c src/asf/common/components/memory/sd_mmc/sd_mmc.o
 .debug_macro   0x00010b40      0xcbb src/asf/common/services/clock/sam4s/sysclk.o
 .debug_macro   0x000117fb      0x180 src/asf/common/services/clock/sam4s/sysclk.o
 .debug_macro   0x0001197b      0xc9e src/asf/common/services/storage/ctrl_access/ctrl_access.o
 .debug_macro   0x00012619      0xc5c src/asf/sam/drivers/dacc/dacc.o
 .debug_macro   0x00013275       0x10 src/asf/sam/drivers/dacc/dacc.o
 .debug_macro   0x00013285      0xdf8 src/asf/sam/drivers/hsmci/hsmci.o
 .debug_macro   0x0001407d      0xc64 src/asf/sam/drivers/pio/pio.o
 .debug_macro   0x00014ce1       0x8e src/asf/sam/drivers/pio/pio.o
 .debug_macro   0x00014d6f      0xc6a src/asf/sam/drivers/pio/pio_handler.o
 .debug_macro   0x000159d9      0xc56 src/asf/sam/drivers/pmc/pmc.o
 .debug_macro   0x0001662f       0x52 src/asf/sam/drivers/pmc/pmc.o
 .debug_macro   0x00016681      0xc63 src/asf/sam/drivers/rtc/rtc.o
 .debug_macro   0x000172e4      0xabe src/asf/sam/utils/cmsis/sam4s/source/templates/exceptions.o
 .debug_macro   0x00017da2      0xacc src/asf/sam/utils/cmsis/sam4s/source/templates/gcc/startup_sam4s.o
 .debug_macro   0x0001886e      0xaca src/asf/sam/utils/cmsis/sam4s/source/templates/system_sam4s.o
 .debug_macro   0x00019338       0x2d src/asf/sam/utils/cmsis/sam4s/source/templates/system_sam4s.o
 .debug_macro   0x00019365      0xcef src/asf/thirdparty/fatfs/fatfs-port-r0.09/diskio.o
 .debug_macro   0x0001a054       0x16 src/asf/thirdparty/fatfs/fatfs-port-r0.09/diskio.o
 .debug_macro   0x0001a06a      0xa7a src/asf/thirdparty/fatfs/fatfs-r0.09/src/ff.o
 .debug_macro   0x0001aae4       0xc4 src/asf/thirdparty/fatfs/fatfs-r0.09/src/ff.o
 .debug_macro   0x0001aba8       0x8e src/asf/thirdparty/fatfs/fatfs-r0.09/src/ff.o
 .debug_macro   0x0001ac36      0x841 src/asf/thirdparty/fatfs/fatfs-r0.09/src/option/ccsbcs.o
 .debug_macro   0x0001b477      0xe27 src/main.o

.debug_line     0x00000000     0xecff
 .debug_line    0x00000000      0xf2c src/asf/common/boards/user_board/init.o
 .debug_line    0x00000f2c      0xd09 src/sd_mmc_mem.o
 .debug_line    0x00001c35     0x13cb src/asf/common/components/memory/sd_mmc/sd_mmc.o
 .debug_line    0x00003000      0xc51 src/asf/common/services/clock/sam4s/sysclk.o
 .debug_line    0x00003c51      0xc44 src/asf/common/services/storage/ctrl_access/ctrl_access.o
 .debug_line    0x00004895      0xc34 src/asf/sam/drivers/dacc/dacc.o
 .debug_line    0x000054c9     0x1163 src/asf/sam/drivers/hsmci/hsmci.o
 .debug_line    0x0000662c      0xee1 src/asf/sam/drivers/pio/pio.o
 .debug_line    0x0000750d      0xb75 src/asf/sam/drivers/pio/pio_handler.o
 .debug_line    0x00008082      0xf99 src/asf/sam/drivers/pmc/pmc.o
 .debug_line    0x0000901b      0xccb src/asf/sam/drivers/rtc/rtc.o
 .debug_line    0x00009ce6      0x74a src/asf/sam/utils/cmsis/sam4s/source/templates/exceptions.o
 .debug_line    0x0000a430      0x7a1 src/asf/sam/utils/cmsis/sam4s/source/templates/gcc/startup_sam4s.o
 .debug_line    0x0000abd1      0x7bd src/asf/sam/utils/cmsis/sam4s/source/templates/system_sam4s.o
 .debug_line    0x0000b38e      0xcd3 src/asf/thirdparty/fatfs/fatfs-port-r0.09/diskio.o
 .debug_line    0x0000c061      0x617 src/asf/thirdparty/fatfs/fatfs-r0.09/src/ff.o
 .debug_line    0x0000c678      0x12d src/asf/thirdparty/fatfs/fatfs-r0.09/src/option/ccsbcs.o
 .debug_line    0x0000c7a5     0x10ff src/main.o
 .debug_line    0x0000d8a4      0x121 c:/program files (x86)/atmel/atmel studio 6.0/extensions/atmel/armgcc/3.3.1.128/armgcctoolchain/bin/../lib/gcc/arm-none-eabi/4.7.0/../../../../arm-none-eabi/lib/thumb\libc.a(lib_a-atexit.o)
 .debug_line    0x0000d9c5      0x22d c:/program files (x86)/atmel/atmel studio 6.0/extensions/atmel/armgcc/3.3.1.128/armgcctoolchain/bin/../lib/gcc/arm-none-eabi/4.7.0/../../../../arm-none-eabi/lib/thumb\libc.a(lib_a-atoi.o)
 .debug_line    0x0000dbf2      0x13c c:/program files (x86)/atmel/atmel studio 6.0/extensions/atmel/armgcc/3.3.1.128/armgcctoolchain/bin/../lib/gcc/arm-none-eabi/4.7.0/../../../../arm-none-eabi/lib/thumb\libc.a(lib_a-fini.o)
 .debug_line    0x0000dd2e      0x1a4 c:/program files (x86)/atmel/atmel studio 6.0/extensions/atmel/armgcc/3.3.1.128/armgcctoolchain/bin/../lib/gcc/arm-none-eabi/4.7.0/../../../../arm-none-eabi/lib/thumb\libc.a(lib_a-impure.o)
 .debug_line    0x0000ded2      0x152 c:/program files (x86)/atmel/atmel studio 6.0/extensions/atmel/armgcc/3.3.1.128/armgcctoolchain/bin/../lib/gcc/arm-none-eabi/4.7.0/../../../../arm-none-eabi/lib/thumb\libc.a(lib_a-init.o)
 .debug_line    0x0000e024      0x117 c:/program files (x86)/atmel/atmel studio 6.0/extensions/atmel/armgcc/3.3.1.128/armgcctoolchain/bin/../lib/gcc/arm-none-eabi/4.7.0/../../../../arm-none-eabi/lib/thumb\libc.a(lib_a-strcpy.o)
 .debug_line    0x0000e13b      0x22b c:/program files (x86)/atmel/atmel studio 6.0/extensions/atmel/armgcc/3.3.1.128/armgcctoolchain/bin/../lib/gcc/arm-none-eabi/4.7.0/../../../../arm-none-eabi/lib/thumb\libc.a(lib_a-strtok.o)
 .debug_line    0x0000e366      0x140 c:/program files (x86)/atmel/atmel studio 6.0/extensions/atmel/armgcc/3.3.1.128/armgcctoolchain/bin/../lib/gcc/arm-none-eabi/4.7.0/../../../../arm-none-eabi/lib/thumb\libc.a(lib_a-strtok_r.o)
 .debug_line    0x0000e4a6      0x2aa c:/program files (x86)/atmel/atmel studio 6.0/extensions/atmel/armgcc/3.3.1.128/armgcctoolchain/bin/../lib/gcc/arm-none-eabi/4.7.0/../../../../arm-none-eabi/lib/thumb\libc.a(lib_a-strtol.o)
 .debug_line    0x0000e750      0x261 c:/program files (x86)/atmel/atmel studio 6.0/extensions/atmel/armgcc/3.3.1.128/armgcctoolchain/bin/../lib/gcc/arm-none-eabi/4.7.0/../../../../arm-none-eabi/lib/thumb\libc.a(lib_a-__atexit.o)
 .debug_line    0x0000e9b1      0x2bf c:/program files (x86)/atmel/atmel studio 6.0/extensions/atmel/armgcc/3.3.1.128/armgcctoolchain/bin/../lib/gcc/arm-none-eabi/4.7.0/../../../../arm-none-eabi/lib/thumb\libc.a(lib_a-__call_atexit.o)
 .debug_line    0x0000ec70       0x8f c:/program files (x86)/atmel/atmel studio 6.0/extensions/atmel/armgcc/3.3.1.128/armgcctoolchain/bin/../lib/gcc/arm-none-eabi/4.7.0/../../../../arm-none-eabi/lib/thumb\libc.a(lib_a-ctype_.o)

.debug_str      0x00000000    0x4f33e
 .debug_str     0x00000000    0x4a7d1 src/asf/common/boards/user_board/init.o
                              0x4aafb (size before relaxing)
 .debug_str     0x0004a7d1       0xc5 src/sd_mmc_mem.o
                              0x44a65 (size before relaxing)
 .debug_str     0x0004a896      0xb0e src/asf/common/components/memory/sd_mmc/sd_mmc.o
                              0x4b5b5 (size before relaxing)
 .debug_str     0x0004b3a4      0x333 src/asf/common/services/clock/sam4s/sysclk.o
                              0x443d8 (size before relaxing)
 .debug_str     0x0004b6d7      0x208 src/asf/common/services/storage/ctrl_access/ctrl_access.o
                              0x448ce (size before relaxing)
 .debug_str     0x0004b8df      0x403 src/asf/sam/drivers/dacc/dacc.o
                              0x42f35 (size before relaxing)
 .debug_str     0x0004bce2      0x3ad src/asf/sam/drivers/hsmci/hsmci.o
                              0x4af47 (size before relaxing)
 .debug_str     0x0004c08f      0x7d2 src/asf/sam/drivers/pio/pio.o
                              0x43715 (size before relaxing)
 .debug_str     0x0004c861      0x3dc src/asf/sam/drivers/pio/pio_handler.o
                              0x4351c (size before relaxing)
 .debug_str     0x0004cc3d      0x641 src/asf/sam/drivers/pmc/pmc.o
                              0x43479 (size before relaxing)
 .debug_str     0x0004d27e      0x32e src/asf/sam/drivers/rtc/rtc.o
                              0x42e37 (size before relaxing)
 .debug_str     0x0004d5ac       0x4d src/asf/sam/utils/cmsis/sam4s/source/templates/exceptions.o
                              0x37958 (size before relaxing)
 .debug_str     0x0004d5f9       0xfd src/asf/sam/utils/cmsis/sam4s/source/templates/gcc/startup_sam4s.o
                              0x37a77 (size before relaxing)
 .debug_str     0x0004d6f6      0x18e src/asf/sam/utils/cmsis/sam4s/source/templates/system_sam4s.o
                              0x37c39 (size before relaxing)
 .debug_str     0x0004d884      0x1c4 src/asf/thirdparty/fatfs/fatfs-port-r0.09/diskio.o
                              0x44a88 (size before relaxing)
 .debug_str     0x0004da48      0xbc8 src/asf/thirdparty/fatfs/fatfs-r0.09/src/ff.o
                               0x3562 (size before relaxing)
 .debug_str     0x0004e610       0x71 src/asf/thirdparty/fatfs/fatfs-r0.09/src/option/ccsbcs.o
                               0x280e (size before relaxing)
 .debug_str     0x0004e681      0x264 src/main.o
                              0x4b674 (size before relaxing)
 .debug_str     0x0004e8e5       0xb3 c:/program files (x86)/atmel/atmel studio 6.0/extensions/atmel/armgcc/3.3.1.128/armgcctoolchain/bin/../lib/gcc/arm-none-eabi/4.7.0/../../../../arm-none-eabi/lib/thumb\libc.a(lib_a-atexit.o)
                                0x158 (size before relaxing)
 .debug_str     0x0004e998      0x3e5 c:/program files (x86)/atmel/atmel studio 6.0/extensions/atmel/armgcc/3.3.1.128/armgcctoolchain/bin/../lib/gcc/arm-none-eabi/4.7.0/../../../../arm-none-eabi/lib/thumb\libc.a(lib_a-atoi.o)
                                0x4d8 (size before relaxing)
 .debug_str     0x0004ed7d       0xa1 c:/program files (x86)/atmel/atmel studio 6.0/extensions/atmel/armgcc/3.3.1.128/armgcctoolchain/bin/../lib/gcc/arm-none-eabi/4.7.0/../../../../arm-none-eabi/lib/thumb\libc.a(lib_a-fini.o)
                                0x152 (size before relaxing)
 .debug_str     0x0004ee1e       0x7a c:/program files (x86)/atmel/atmel studio 6.0/extensions/atmel/armgcc/3.3.1.128/armgcctoolchain/bin/../lib/gcc/arm-none-eabi/4.7.0/../../../../arm-none-eabi/lib/thumb\libc.a(lib_a-impure.o)
                                0x4e6 (size before relaxing)
 .debug_str     0x0004ee98       0xcb c:/program files (x86)/atmel/atmel studio 6.0/extensions/atmel/armgcc/3.3.1.128/armgcctoolchain/bin/../lib/gcc/arm-none-eabi/4.7.0/../../../../arm-none-eabi/lib/thumb\libc.a(lib_a-init.o)
                                0x17c (size before relaxing)
 .debug_str     0x0004ef63       0x7b c:/program files (x86)/atmel/atmel studio 6.0/extensions/atmel/armgcc/3.3.1.128/armgcctoolchain/bin/../lib/gcc/arm-none-eabi/4.7.0/../../../../arm-none-eabi/lib/thumb\libc.a(lib_a-strcpy.o)
                                0x119 (size before relaxing)
 .debug_str     0x0004efde       0x81 c:/program files (x86)/atmel/atmel studio 6.0/extensions/atmel/armgcc/3.3.1.128/armgcctoolchain/bin/../lib/gcc/arm-none-eabi/4.7.0/../../../../arm-none-eabi/lib/thumb\libc.a(lib_a-strtok.o)
                                0x4e0 (size before relaxing)
 .debug_str     0x0004f05f       0x95 c:/program files (x86)/atmel/atmel studio 6.0/extensions/atmel/armgcc/3.3.1.128/armgcctoolchain/bin/../lib/gcc/arm-none-eabi/4.7.0/../../../../arm-none-eabi/lib/thumb\libc.a(lib_a-strtok_r.o)
                                0x14d (size before relaxing)
 .debug_str     0x0004f0f4       0x9c c:/program files (x86)/atmel/atmel studio 6.0/extensions/atmel/armgcc/3.3.1.128/armgcctoolchain/bin/../lib/gcc/arm-none-eabi/4.7.0/../../../../arm-none-eabi/lib/thumb\libc.a(lib_a-strtol.o)
                                0x50b (size before relaxing)
 .debug_str     0x0004f190       0x7f c:/program files (x86)/atmel/atmel studio 6.0/extensions/atmel/armgcc/3.3.1.128/armgcctoolchain/bin/../lib/gcc/arm-none-eabi/4.7.0/../../../../arm-none-eabi/lib/thumb\libc.a(lib_a-__atexit.o)
                                0x53b (size before relaxing)
 .debug_str     0x0004f20f       0xb9 c:/program files (x86)/atmel/atmel studio 6.0/extensions/atmel/armgcc/3.3.1.128/armgcctoolchain/bin/../lib/gcc/arm-none-eabi/4.7.0/../../../../arm-none-eabi/lib/thumb\libc.a(lib_a-__call_atexit.o)
                                0x537 (size before relaxing)
 .debug_str     0x0004f2c8       0x76 c:/program files (x86)/atmel/atmel studio 6.0/extensions/atmel/armgcc/3.3.1.128/armgcctoolchain/bin/../lib/gcc/arm-none-eabi/4.7.0/../../../../arm-none-eabi/lib/thumb\libc.a(lib_a-ctype_.o)
                                 0x9e (size before relaxing)

.debug_frame    0x00000000     0x1950
 .debug_frame   0x00000000       0x2c src/asf/common/boards/user_board/init.o
 .debug_frame   0x0000002c      0x1bc src/sd_mmc_mem.o
 .debug_frame   0x000001e8      0x280 src/asf/common/components/memory/sd_mmc/sd_mmc.o
 .debug_frame   0x00000468       0x88 src/asf/common/services/clock/sam4s/sysclk.o
 .debug_frame   0x000004f0       0xe0 src/asf/common/services/storage/ctrl_access/ctrl_access.o
 .debug_frame   0x000005d0      0x168 src/asf/sam/drivers/dacc/dacc.o
 .debug_frame   0x00000738      0x1a0 src/asf/sam/drivers/hsmci/hsmci.o
 .debug_frame   0x000008d8      0x388 src/asf/sam/drivers/pio/pio.o
 .debug_frame   0x00000c60       0xd0 src/asf/sam/drivers/pio/pio_handler.o
 .debug_frame   0x00000d30      0x398 src/asf/sam/drivers/pmc/pmc.o
 .debug_frame   0x000010c8      0x188 src/asf/sam/drivers/rtc/rtc.o
 .debug_frame   0x00001250       0x20 src/asf/sam/utils/cmsis/sam4s/source/templates/exceptions.o
 .debug_frame   0x00001270       0x28 src/asf/sam/utils/cmsis/sam4s/source/templates/gcc/startup_sam4s.o
 .debug_frame   0x00001298       0x40 src/asf/sam/utils/cmsis/sam4s/source/templates/system_sam4s.o
 .debug_frame   0x000012d8       0xac src/asf/thirdparty/fatfs/fatfs-port-r0.09/diskio.o
 .debug_frame   0x00001384      0x250 src/asf/thirdparty/fatfs/fatfs-r0.09/src/ff.o
 .debug_frame   0x000015d4       0x30 src/asf/thirdparty/fatfs/fatfs-r0.09/src/option/ccsbcs.o
 .debug_frame   0x00001604      0x14c src/main.o
 .debug_frame   0x00001750       0x20 c:/program files (x86)/atmel/atmel studio 6.0/extensions/atmel/armgcc/3.3.1.128/armgcctoolchain/bin/../lib/gcc/arm-none-eabi/4.7.0/../../../../arm-none-eabi/lib/thumb\libc.a(lib_a-atexit.o)
 .debug_frame   0x00001770       0x30 c:/program files (x86)/atmel/atmel studio 6.0/extensions/atmel/armgcc/3.3.1.128/armgcctoolchain/bin/../lib/gcc/arm-none-eabi/4.7.0/../../../../arm-none-eabi/lib/thumb\libc.a(lib_a-atoi.o)
 .debug_frame   0x000017a0       0x2c c:/program files (x86)/atmel/atmel studio 6.0/extensions/atmel/armgcc/3.3.1.128/armgcctoolchain/bin/../lib/gcc/arm-none-eabi/4.7.0/../../../../arm-none-eabi/lib/thumb\libc.a(lib_a-fini.o)
 .debug_frame   0x000017cc       0x2c c:/program files (x86)/atmel/atmel studio 6.0/extensions/atmel/armgcc/3.3.1.128/armgcctoolchain/bin/../lib/gcc/arm-none-eabi/4.7.0/../../../../arm-none-eabi/lib/thumb\libc.a(lib_a-init.o)
 .debug_frame   0x000017f8       0x20 c:/program files (x86)/atmel/atmel studio 6.0/extensions/atmel/armgcc/3.3.1.128/armgcctoolchain/bin/../lib/gcc/arm-none-eabi/4.7.0/../../../../arm-none-eabi/lib/thumb\libc.a(lib_a-strcpy.o)
 .debug_frame   0x00001818       0x20 c:/program files (x86)/atmel/atmel studio 6.0/extensions/atmel/armgcc/3.3.1.128/armgcctoolchain/bin/../lib/gcc/arm-none-eabi/4.7.0/../../../../arm-none-eabi/lib/thumb\libc.a(lib_a-strtok.o)
 .debug_frame   0x00001838       0x40 c:/program files (x86)/atmel/atmel studio 6.0/extensions/atmel/armgcc/3.3.1.128/armgcctoolchain/bin/../lib/gcc/arm-none-eabi/4.7.0/../../../../arm-none-eabi/lib/thumb\libc.a(lib_a-strtok_r.o)
 .debug_frame   0x00001878       0x58 c:/program files (x86)/atmel/atmel studio 6.0/extensions/atmel/armgcc/3.3.1.128/armgcctoolchain/bin/../lib/gcc/arm-none-eabi/4.7.0/../../../../arm-none-eabi/lib/thumb\libc.a(lib_a-strtol.o)
 .debug_frame   0x000018d0       0x34 c:/program files (x86)/atmel/atmel studio 6.0/extensions/atmel/armgcc/3.3.1.128/armgcctoolchain/bin/../lib/gcc/arm-none-eabi/4.7.0/../../../../arm-none-eabi/lib/thumb\libc.a(lib_a-__atexit.o)
 .debug_frame   0x00001904       0x4c c:/program files (x86)/atmel/atmel studio 6.0/extensions/atmel/armgcc/3.3.1.128/armgcctoolchain/bin/../lib/gcc/arm-none-eabi/4.7.0/../../../../arm-none-eabi/lib/thumb\libc.a(lib_a-__call_atexit.o)

Cross Reference Table

Symbol                                            File
ACC_Handler                                       src/asf/sam/utils/cmsis/sam4s/source/templates/exceptions.o
                                                  src/asf/sam/utils/cmsis/sam4s/source/templates/gcc/startup_sam4s.o
ADC_Handler                                       src/asf/sam/utils/cmsis/sam4s/source/templates/exceptions.o
                                                  src/asf/sam/utils/cmsis/sam4s/source/templates/gcc/startup_sam4s.o
BusFault_Handler                                  src/asf/sam/utils/cmsis/sam4s/source/templates/exceptions.o
                                                  src/asf/sam/utils/cmsis/sam4s/source/templates/gcc/startup_sam4s.o
CRCCU_Handler                                     src/asf/sam/utils/cmsis/sam4s/source/templates/exceptions.o
                                                  src/asf/sam/utils/cmsis/sam4s/source/templates/gcc/startup_sam4s.o
DACC_Handler                                      src/asf/sam/utils/cmsis/sam4s/source/templates/exceptions.o
                                                  src/asf/sam/utils/cmsis/sam4s/source/templates/gcc/startup_sam4s.o